Archive member included because of file (symbol)

C:\Program Files (x86)\GNU Tools ARM Embedded\4.8 2014q1\arm-none-eabi\lib\armv7e-m\libm.a(lib_a-s_atan.o)
                              ..\obj\bw_mpu6050.o (atan)
C:\Program Files (x86)\GNU Tools ARM Embedded\4.8 2014q1\arm-none-eabi\lib\armv7e-m\libm.a(lib_a-s_cos.o)
                              ..\obj\bw_hexapod_cmd.o (cos)
C:\Program Files (x86)\GNU Tools ARM Embedded\4.8 2014q1\arm-none-eabi\lib\armv7e-m\libm.a(lib_a-s_fabs.o)
                              C:\Program Files (x86)\GNU Tools ARM Embedded\4.8 2014q1\arm-none-eabi\lib\armv7e-m\libm.a(lib_a-s_atan.o) (fabs)
C:\Program Files (x86)\GNU Tools ARM Embedded\4.8 2014q1\arm-none-eabi\lib\armv7e-m\libm.a(lib_a-s_fmax.o)
                              ..\obj\bw_tpa_servo.o (fmax)
C:\Program Files (x86)\GNU Tools ARM Embedded\4.8 2014q1\arm-none-eabi\lib\armv7e-m\libm.a(lib_a-s_fpclassify.o)
                              C:\Program Files (x86)\GNU Tools ARM Embedded\4.8 2014q1\arm-none-eabi\lib\armv7e-m\libm.a(lib_a-s_fmax.o) (__fpclassifyd)
C:\Program Files (x86)\GNU Tools ARM Embedded\4.8 2014q1\arm-none-eabi\lib\armv7e-m\libm.a(lib_a-s_sin.o)
                              ..\obj\bw_hexapod_cmd.o (sin)
C:\Program Files (x86)\GNU Tools ARM Embedded\4.8 2014q1\arm-none-eabi\lib\armv7e-m\libm.a(lib_a-w_acos.o)
                              ..\obj\bw_hexapod_cmd.o (acos)
C:\Program Files (x86)\GNU Tools ARM Embedded\4.8 2014q1\arm-none-eabi\lib\armv7e-m\libm.a(lib_a-w_asin.o)
                              ..\obj\bw_dynamixel_hexapod_cmd.o (asin)
C:\Program Files (x86)\GNU Tools ARM Embedded\4.8 2014q1\arm-none-eabi\lib\armv7e-m\libm.a(lib_a-w_atan2.o)
                              ..\obj\bw_mpu6050.o (atan2)
C:\Program Files (x86)\GNU Tools ARM Embedded\4.8 2014q1\arm-none-eabi\lib\armv7e-m\libm.a(lib_a-w_sqrt.o)
                              ..\obj\bw_mpu6050.o (sqrt)
C:\Program Files (x86)\GNU Tools ARM Embedded\4.8 2014q1\arm-none-eabi\lib\armv7e-m\libm.a(lib_a-e_acos.o)
                              C:\Program Files (x86)\GNU Tools ARM Embedded\4.8 2014q1\arm-none-eabi\lib\armv7e-m\libm.a(lib_a-w_acos.o) (__ieee754_acos)
C:\Program Files (x86)\GNU Tools ARM Embedded\4.8 2014q1\arm-none-eabi\lib\armv7e-m\libm.a(lib_a-e_asin.o)
                              C:\Program Files (x86)\GNU Tools ARM Embedded\4.8 2014q1\arm-none-eabi\lib\armv7e-m\libm.a(lib_a-w_asin.o) (__ieee754_asin)
C:\Program Files (x86)\GNU Tools ARM Embedded\4.8 2014q1\arm-none-eabi\lib\armv7e-m\libm.a(lib_a-e_atan2.o)
                              C:\Program Files (x86)\GNU Tools ARM Embedded\4.8 2014q1\arm-none-eabi\lib\armv7e-m\libm.a(lib_a-w_atan2.o) (__ieee754_atan2)
C:\Program Files (x86)\GNU Tools ARM Embedded\4.8 2014q1\arm-none-eabi\lib\armv7e-m\libm.a(lib_a-e_rem_pio2.o)
                              C:\Program Files (x86)\GNU Tools ARM Embedded\4.8 2014q1\arm-none-eabi\lib\armv7e-m\libm.a(lib_a-s_cos.o) (__ieee754_rem_pio2)
C:\Program Files (x86)\GNU Tools ARM Embedded\4.8 2014q1\arm-none-eabi\lib\armv7e-m\libm.a(lib_a-e_sqrt.o)
                              C:\Program Files (x86)\GNU Tools ARM Embedded\4.8 2014q1\arm-none-eabi\lib\armv7e-m\libm.a(lib_a-w_sqrt.o) (__ieee754_sqrt)
C:\Program Files (x86)\GNU Tools ARM Embedded\4.8 2014q1\arm-none-eabi\lib\armv7e-m\libm.a(lib_a-k_cos.o)
                              C:\Program Files (x86)\GNU Tools ARM Embedded\4.8 2014q1\arm-none-eabi\lib\armv7e-m\libm.a(lib_a-s_cos.o) (__kernel_cos)
C:\Program Files (x86)\GNU Tools ARM Embedded\4.8 2014q1\arm-none-eabi\lib\armv7e-m\libm.a(lib_a-k_rem_pio2.o)
                              C:\Program Files (x86)\GNU Tools ARM Embedded\4.8 2014q1\arm-none-eabi\lib\armv7e-m\libm.a(lib_a-e_rem_pio2.o) (__kernel_rem_pio2)
C:\Program Files (x86)\GNU Tools ARM Embedded\4.8 2014q1\arm-none-eabi\lib\armv7e-m\libm.a(lib_a-k_sin.o)
                              C:\Program Files (x86)\GNU Tools ARM Embedded\4.8 2014q1\arm-none-eabi\lib\armv7e-m\libm.a(lib_a-s_cos.o) (__kernel_sin)
C:\Program Files (x86)\GNU Tools ARM Embedded\4.8 2014q1\arm-none-eabi\lib\armv7e-m\libm.a(lib_a-s_floor.o)
                              C:\Program Files (x86)\GNU Tools ARM Embedded\4.8 2014q1\arm-none-eabi\lib\armv7e-m\libm.a(lib_a-k_rem_pio2.o) (floor)
C:\Program Files (x86)\GNU Tools ARM Embedded\4.8 2014q1\arm-none-eabi\lib\armv7e-m\libm.a(lib_a-s_lib_ver.o)
                              C:\Program Files (x86)\GNU Tools ARM Embedded\4.8 2014q1\arm-none-eabi\lib\armv7e-m\libm.a(lib_a-w_acos.o) (__fdlib_version)
C:\Program Files (x86)\GNU Tools ARM Embedded\4.8 2014q1\arm-none-eabi\lib\armv7e-m\libm.a(lib_a-s_matherr.o)
                              C:\Program Files (x86)\GNU Tools ARM Embedded\4.8 2014q1\arm-none-eabi\lib\armv7e-m\libm.a(lib_a-w_acos.o) (matherr)
C:\Program Files (x86)\GNU Tools ARM Embedded\4.8 2014q1\arm-none-eabi\lib\armv7e-m\libm.a(lib_a-s_nan.o)
[...]
Memory Configuration

Name             Origin             Length             Attributes
rom              0x08000000         0x00100000         xr
ram              0x20000000         0x00020000         xrw
ram1             0x10000000         0x00010000         xrw
*default*        0x00000000         0xffffffff

Linker script and memory map

                0x20020000                _eram = 0x20020000

.text           0x08000000    0x40a3c
 *(.isr_vector)
 .isr_vector    0x08000000      0x188 ..\obj\startup_stm32f4xx.o
                0x08000000                g_pfnVectors
 *(.text*)
 .text.Dynamixel_USART2_Init
                0x08000188       0xa4 ..\obj\bw_dynamixel_ax_12a.o
                0x08000188                Dynamixel_USART2_Init
 .text.USART_TimeOut
                0x0800022c       0x1c ..\obj\bw_dynamixel_ax_12a.o
                0x0800022c                USART_TimeOut
 .text.Dynamx_Send
                0x08000248       0xa0 ..\obj\bw_dynamixel_ax_12a.o
                0x08000248                Dynamx_Send
 .text.Dyna_Actuate
                0x080002e8       0xd0 ..\obj\bw_dynamixel_ax_12a.o
                0x080002e8                Dyna_Actuate
 .text.kirimData
                0x080003b8       0x24 ..\obj\bw_dynamixel_ax_12a.o
                0x080003b8                kirimData
 .text.DynamixelDrive
                0x080003dc      0x38c ..\obj\bw_dynamixel_ax_12a.o
                0x080003dc                DynamixelDrive
 .text.USART2_IRQHandler
                0x08000768       0x68 ..\obj\bw_dynamixel_ax_12a.o
                0x08000768                USART2_IRQHandler
 .text.syncwrite
                0x080007d0      0x170 ..\obj\bw_dynamixel_ax_12a.o
                0x080007d0                syncwrite
 .text.static_syncwrite
                0x08000940       0x58 ..\obj\bw_dynamixel_ax_12a.o
                0x08000940                static_syncwrite
 .text.TIM6_DAC_IRQHandler
                0x08000998      0x198 ..\obj\bw_dynamixel_ax_12a.o
                0x08000998                TIM6_DAC_IRQHandler
 .text.UART4_Init
                0x08000b30       0xa0 ..\obj\bw_usart_comm.o
                0x08000b30                UART4_Init
 .text.UART4_IRQHandler
                0x08000bd0      0x13c ..\obj\bw_usart_comm.o
                0x08000bd0                UART4_IRQHandler
 .text.USART1_Init_Tracer
                0x08000d0c       0x98 ..\obj\bw_usart_comm.o
                0x08000d0c                USART1_Init_Tracer
 .text.USART1_IRQHandler
                0x08000da4      0x17c ..\obj\bw_usart_comm.o
                0x08000da4                USART1_IRQHandler
 .text.USART6_IRQHandler
                0x08000f20       0x14 ..\obj\bw_usart_comm.o
                0x08000f20                USART6_IRQHandler
 .text.Sendto_PC
                0x08000f34        0x8 ..\obj\bw_usart_comm.o
                0x08000f34                Sendto_PC
 .text.TCS3200_Transmit
                0x08000f3c       0x50 ..\obj\bw_usart_comm.o
                0x08000f3c                TCS3200_Transmit
 .text.Display_FlameSense
                0x08000f8c      0x294 ..\obj\bw_usart_comm.o
                0x08000f8c                Display_FlameSense
 .text.Flame_Rank_Display
                0x08001220       0x78 ..\obj\bw_usart_comm.o
                0x08001220                Flame_Rank_Display
 .text.BW_I2C_LCD_Init
                0x08001298       0x90 ..\obj\bw_i2c_lcd.o
                0x08001298                BW_I2C_LCD_Init
 .text.I2C1_TimeOut_LCD
                0x08001328       0x38 ..\obj\bw_i2c_lcd.o
                0x08001328                I2C1_TimeOut_LCD
 .text.I2C1_WriteByte_LCD
                0x08001360       0xdc ..\obj\bw_i2c_lcd.o
                0x08001360                I2C1_WriteByte_LCD
 .text.PCF8574_WriteI2C
                0x0800143c       0x2c ..\obj\bw_i2c_lcd.o
                0x0800143c                PCF8574_WriteI2C
 .text.PCF8574_Send_Nibble
                0x08001468       0x20 ..\obj\bw_i2c_lcd.o
                0x08001468                PCF8574_Send_Nibble
 .text.PCF8574_Send
                0x08001488       0x18 ..\obj\bw_i2c_lcd.o
                0x08001488                PCF8574_Send
 .text.PCF8574_Command
                0x080014a0        0xc ..\obj\bw_i2c_lcd.o
                0x080014a0                PCF8574_Command
 .text.PCF8574_Write
                0x080014ac        0xc ..\obj\bw_i2c_lcd.o
                0x080014ac                PCF8574_Write
 .text.PCF8574_LCD_putch
                0x080014b8       0x10 ..\obj\bw_i2c_lcd.o
                0x080014b8                PCF8574_LCD_putch
 .text.PCF8574_LCD_CursorOff
                0x080014c8       0x1c ..\obj\bw_i2c_lcd.o
                0x080014c8                PCF8574_LCD_CursorOff
 .text.PCF8574_LCD_DisplayOn
                0x080014e4       0x1c ..\obj\bw_i2c_lcd.o
                0x080014e4                PCF8574_LCD_DisplayOn
 .text.PCF8574_LCD_gotoxy
                0x08001500       0x48 ..\obj\bw_i2c_lcd.o
                0x08001500                PCF8574_LCD_gotoxy
 .text.PCF8574_LCD_Clear
                0x08001548       0x14 ..\obj\bw_i2c_lcd.o
                0x08001548                PCF8574_LCD_Clear
 .text.PCF8574_begin_LCD
                0x0800155c       0xb8 ..\obj\bw_i2c_lcd.o
                0x0800155c                PCF8574_begin_LCD
 .text.BW_Read_I2C2
                0x08001614      0x1d8 ..\obj\BW_I2C_EEPROM.o
                0x08001614                BW_Read_I2C2
 .text.BW_Write_I2C_EEPROM
                0x080017ec      0x168 ..\obj\BW_I2C_EEPROM.o
                0x080017ec                BW_Write_I2C_EEPROM
 .text.Save_CMPS12_DATA
                0x08001954      0x5d0 ..\obj\BW_I2C_EEPROM.o
                0x08001954                Save_CMPS12_DATA
 .text.CAT_CALIBRATION
                0x08001f24       0x98 ..\obj\BW_I2C_EEPROM.o
                0x08001f24                CAT_CALIBRATION
 .text.Load_CMPS_DATA
                0x08001fbc      0x1b4 ..\obj\BW_I2C_EEPROM.o
                0x08001fbc                Load_CMPS_DATA
 .text.Load_CAT_MIN_DATA
                0x08002170       0x24 ..\obj\BW_I2C_EEPROM.o
                0x08002170                Load_CAT_MIN_DATA
 .text.display_EEPROM_DATA
                0x08002194      0x1dc ..\obj\BW_I2C_EEPROM.o
                0x08002194                display_EEPROM_DATA
 .text.copy_EEPROM_data
                0x08002370      0x1c0 ..\obj\BW_I2C_EEPROM.o
                0x08002370                copy_EEPROM_data
 .text.BW_COPY_TRACER_DATA
                0x08002530       0x60 ..\obj\BW_I2C_EEPROM.o
                0x08002530                BW_COPY_TRACER_DATA
 .text.BW_LOAD_TRACER_DATA
                0x08002590       0x68 ..\obj\BW_I2C_EEPROM.o
                0x08002590                BW_LOAD_TRACER_DATA
 .text.USART_DeInit
                0x080025f8       0xbc ..\obj\stm32f4xx_usart.o
                0x080025f8                USART_DeInit
 .text.USART_Init
                0x080026b4       0xd0 ..\obj\stm32f4xx_usart.o
                0x080026b4                USART_Init
 .text.USART_Cmd
                0x08002784       0x1c ..\obj\stm32f4xx_usart.o
                0x08002784                USART_Cmd
 .text.USART_SendData
                0x080027a0        0x8 ..\obj\stm32f4xx_usart.o
                0x080027a0                USART_SendData
 .text.USART_ITConfig
                0x080027a8       0x38 ..\obj\stm32f4xx_usart.o
                0x080027a8                USART_ITConfig
 .text.USART_GetFlagStatus
                0x080027e0        0xc ..\obj\stm32f4xx_usart.o
                0x080027e0                USART_GetFlagStatus
 .text.USART_ClearFlag
                0x080027ec        0x8 ..\obj\stm32f4xx_usart.o
                0x080027ec                USART_ClearFlag
 .text.USART_GetITStatus
                0x080027f4       0x48 ..\obj\stm32f4xx_usart.o
                0x080027f4                USART_GetITStatus
 *fill*         0x0800283c        0x4 
 .text.generate_movement_data
                0x08002840      0x1a0 ..\obj\bw_hexapod_cmd.o
                0x08002840                generate_movement_data
 .text.servo_lin_func
                0x080029e0       0x4c ..\obj\bw_hexapod_cmd.o
                0x080029e0                servo_lin_func
 *fill*         0x08002a2c        0x4 
 .text.inv_kine
                0x08002a30      0x218 ..\obj\bw_hexapod_cmd.o
                0x08002a30                inv_kine
 .text.mov_static
                0x08002c48       0x9c ..\obj\bw_hexapod_cmd.o
                0x08002c48                mov_static
 .text.mov_fwd_5cm
                0x08002ce4      0x638 ..\obj\bw_hexapod_cmd.o
                0x08002ce4                mov_fwd_5cm
 .text.mov_fwd_3cm
                0x0800331c      0x470 ..\obj\bw_hexapod_cmd.o
                0x0800331c                mov_fwd_3cm
 .text.mov_bwd  0x0800378c      0x4b8 ..\obj\bw_hexapod_cmd.o
                0x0800378c                mov_bwd
 .text.mov_bwd_3cm
                0x08003c44      0x474 ..\obj\bw_hexapod_cmd.o
                0x08003c44                mov_bwd_3cm
 .text.mov_rot_right
                0x080040b8      0x638 ..\obj\bw_hexapod_cmd.o
                0x080040b8                mov_rot_right
 .text.mov_rot_left
                0x080046f0      0x638 ..\obj\bw_hexapod_cmd.o
                0x080046f0                mov_rot_left
 .text.mov_deflect_right
                0x08004d28      0x25c ..\obj\bw_hexapod_cmd.o
                0x08004d28                mov_deflect_right
 .text.mov_deflect_left
                0x08004f84      0x25c ..\obj\bw_hexapod_cmd.o
                0x08004f84                mov_deflect_left
 .text.RotSwitch_Init
                0x080051e0       0x88 ..\obj\bw_rotary_switch.o
                0x080051e0                RotSwitch_Init
 .text.RotSwitch_Sampling
                0x08005268       0xc8 ..\obj\bw_rotary_switch.o
                0x08005268                RotSwitch_Sampling
 .text.Display_MODE
                0x08005330      0x160 ..\obj\bw_rotary_switch.o
                0x08005330                Display_MODE
 .text.StartButton_Init
                0x08005490       0x30 ..\obj\bw_user_interface.o
                0x08005490                StartButton_Init
 .text.UserButton_Init
                0x080054c0       0x58 ..\obj\bw_user_interface.o
                0x080054c0                UserButton_Init
 .text.Button_Init
                0x08005518        0xc ..\obj\bw_user_interface.o
                0x08005518                Button_Init
 .text.Buzzer_Init
                0x08005524       0x30 ..\obj\bw_user_interface.o
                0x08005524                Buzzer_Init
 .text.BW_Buzz  0x08005554        0x4 ..\obj\bw_user_interface.o
                0x08005554                BW_Buzz
 .text.FIRE_LED_Init
                0x08005558       0x30 ..\obj\bw_user_interface.o
                0x08005558                FIRE_LED_Init
 .text.SND_ACT_LED_Init
                0x08005588       0x30 ..\obj\bw_user_interface.o
                0x08005588                SND_ACT_LED_Init
 .text.BW_LED_Interrupt_Init
                0x080055b8       0x68 ..\obj\bw_user_interface.o
                0x080055b8                BW_LED_Interrupt_Init
 .text.TIM5_IRQHandler
                0x08005620       0xcc ..\obj\bw_user_interface.o
                0x08005620                TIM5_IRQHandler
 .text.Default_Handler
                0x080056ec        0x4 ..\obj\startup_stm32f4xx.o
                0x080056ec                RTC_Alarm_IRQHandler
                0x080056ec                HASH_RNG_IRQHandler
                0x080056ec                EXTI2_IRQHandler
                0x080056ec                TIM8_CC_IRQHandler
                0x080056ec                DebugMon_Handler
                0x080056ec                TIM1_CC_IRQHandler
                0x080056ec                DMA2_Stream5_IRQHandler
                0x080056ec                HardFault_Handler
                0x080056ec                DMA1_Stream5_IRQHandler
                0x080056ec                PVD_IRQHandler
                0x080056ec                SDIO_IRQHandler
                0x080056ec                TAMP_STAMP_IRQHandler
                0x080056ec                PendSV_Handler
                0x080056ec                NMI_Handler
                0x080056ec                CAN2_RX1_IRQHandler
                0x080056ec                EXTI3_IRQHandler
                0x080056ec                TIM8_TRG_COM_TIM14_IRQHandler
                0x080056ec                TIM1_UP_TIM10_IRQHandler
                0x080056ec                TIM8_UP_TIM13_IRQHandler
                0x080056ec                I2C3_ER_IRQHandler
                0x080056ec                EXTI0_IRQHandler
                0x080056ec                I2C2_EV_IRQHandler
                0x080056ec                DMA1_Stream2_IRQHandler
                0x080056ec                CAN1_RX0_IRQHandler
                0x080056ec                FPU_IRQHandler
                0x080056ec                OTG_HS_WKUP_IRQHandler
                0x080056ec                UsageFault_Handler
                0x080056ec                CAN2_SCE_IRQHandler
                0x080056ec                DMA2_Stream2_IRQHandler
                0x080056ec                SPI1_IRQHandler
                0x080056ec                TIM1_BRK_TIM9_IRQHandler
                0x080056ec                DCMI_IRQHandler
                0x080056ec                CAN2_RX0_IRQHandler
                0x080056ec                DMA2_Stream3_IRQHandler
                0x080056ec                CRYP_IRQHandler
                0x080056ec                CAN1_RX1_IRQHandler
                0x080056ec                UART5_IRQHandler
                0x080056ec                DMA2_Stream0_IRQHandler
                0x080056ec                TIM4_IRQHandler
                0x080056ec                I2C1_EV_IRQHandler
                0x080056ec                DMA1_Stream6_IRQHandler
                0x080056ec                DMA1_Stream1_IRQHandler
                0x080056ec                RCC_IRQHandler
                0x080056ec                TIM8_BRK_TIM12_IRQHandler
                0x080056ec                EXTI15_10_IRQHandler
                0x080056ec                ADC_IRQHandler
                0x080056ec                DMA1_Stream7_IRQHandler
                0x080056ec                TIM7_IRQHandler
                0x080056ec                CAN2_TX_IRQHandler
                0x080056ec                DMA2_Stream7_IRQHandler
                0x080056ec                I2C3_EV_IRQHandler
                0x080056ec                EXTI9_5_IRQHandler
                0x080056ec                RTC_WKUP_IRQHandler
                0x080056ec                ETH_WKUP_IRQHandler
                0x080056ec                SPI2_IRQHandler
                0x080056ec                OTG_HS_EP1_IN_IRQHandler
                0x080056ec                MemManage_Handler
                0x080056ec                DMA1_Stream0_IRQHandler
                0x080056ec                CAN1_TX_IRQHandler
                0x080056ec                SVC_Handler
                0x080056ec                EXTI4_IRQHandler
                0x080056ec                FSMC_IRQHandler
                0x080056ec                ETH_IRQHandler
                0x080056ec                OTG_HS_EP1_OUT_IRQHandler
                0x080056ec                WWDG_IRQHandler
                0x080056ec                OTG_FS_WKUP_IRQHandler
                0x080056ec                TIM1_TRG_COM_TIM11_IRQHandler
                0x080056ec                OTG_HS_IRQHandler
                0x080056ec                EXTI1_IRQHandler
                0x080056ec                I2C2_ER_IRQHandler
                0x080056ec                DMA2_Stream1_IRQHandler
                0x080056ec                CAN1_SCE_IRQHandler
                0x080056ec                FLASH_IRQHandler
                0x080056ec                DMA2_Stream4_IRQHandler
                0x080056ec                BusFault_Handler
                0x080056ec                OTG_FS_IRQHandler
                0x080056ec                SPI3_IRQHandler
                0x080056ec                DMA1_Stream4_IRQHandler
                0x080056ec                I2C1_ER_IRQHandler
                0x080056ec                DMA2_Stream6_IRQHandler
                0x080056ec                DMA1_Stream3_IRQHandler
 .text.Default_Reset_Handler
                0x080056f0       0x58 ..\obj\startup_stm32f4xx.o
                0x080056f0                Default_Reset_Handler
                0x080056f0                Reset_Handler
 .text.BW_Initialization
                0x08005748      0x1f8 ..\obj\main.o
                0x08005748                BW_Initialization
 .text.main     0x08005940      0x628 ..\obj\main.o
                0x08005940                main
 .text.RCC_GetClocksFreq
                0x08005f68       0xb8 ..\obj\stm32f4xx_rcc.o
                0x08005f68                RCC_GetClocksFreq
 .text.RCC_AHB1PeriphClockCmd
                0x08006020       0x1c ..\obj\stm32f4xx_rcc.o
                0x08006020                RCC_AHB1PeriphClockCmd
 .text.RCC_APB1PeriphClockCmd
                0x0800603c       0x1c ..\obj\stm32f4xx_rcc.o
                0x0800603c                RCC_APB1PeriphClockCmd
 .text.RCC_APB2PeriphClockCmd
                0x08006058       0x1c ..\obj\stm32f4xx_rcc.o
                0x08006058                RCC_APB2PeriphClockCmd
 .text.RCC_APB1PeriphResetCmd
                0x08006074       0x1c ..\obj\stm32f4xx_rcc.o
                0x08006074                RCC_APB1PeriphResetCmd
 .text.RCC_APB2PeriphResetCmd
                0x08006090       0x1c ..\obj\stm32f4xx_rcc.o
                0x08006090                RCC_APB2PeriphResetCmd
 .text.USART3_Init
                0x080060ac       0xa0 ..\obj\bw_ping_receiver.o
                0x080060ac                USART3_Init
 .text.USART3_PutChar
                0x0800614c       0x34 ..\obj\bw_ping_receiver.o
                0x0800614c                USART3_PutChar
 .text.USART3_IRQHandler
                0x08006180      0x22c ..\obj\bw_ping_receiver.o
                0x08006180                USART3_IRQHandler
 .text.Display_Ping_Status
                0x080063ac      0x118 ..\obj\bw_ping_receiver.o
                0x080063ac                Display_Ping_Status
 .text.Display_Sharp_Status
                0x080064c4       0xa8 ..\obj\bw_ping_receiver.o
                0x080064c4                Display_Sharp_Status
 .text.Send_Ping_Status
                0x0800656c       0x50 ..\obj\bw_ping_receiver.o
                0x0800656c                Send_Ping_Status
 .text.BW_Sound_Activation_Init
                0x080065bc       0x2c ..\obj\bw_sound_activation.o
                0x080065bc                BW_Sound_Activation_Init
 .text.Pump_GPIOInit
                0x080065e8       0x30 ..\obj\bw_extinguisher.o
                0x080065e8                Pump_GPIOInit
 .text.BW_Extinguisher_Init
                0x08006618       0x18 ..\obj\bw_extinguisher.o
                0x08006618                BW_Extinguisher_Init
 .text.DynaExt  0x08006630       0x14 ..\obj\bw_extinguisher.o
                0x08006630                DynaExt
 .text.CO2_LAUNCHER
                0x08006644       0x28 ..\obj\bw_extinguisher.o
                0x08006644                CO2_LAUNCHER
 .text.TEST_CO2_EXTI
                0x0800666c       0x20 ..\obj\bw_extinguisher.o
                0x0800666c                TEST_CO2_EXTI
 .text.BW_HydroPump_V10
                0x0800668c       0x74 ..\obj\bw_extinguisher.o
                0x0800668c                BW_HydroPump_V10
 .text.BW_Pump_R4
                0x08006700      0x190 ..\obj\bw_extinguisher.o
                0x08006700                BW_Pump_R4
 .text.BW_CO2_TEST
                0x08006890       0xc8 ..\obj\bw_extinguisher.o
                0x08006890                BW_CO2_TEST
 .text.PushTo_Burst
                0x08006958       0xb8 ..\obj\bw_extinguisher.o
                0x08006958                PushTo_Burst
 .text.ADC_Init
                0x08006a10       0x50 ..\obj\stm32f4xx_adc.o
                0x08006a10                ADC_Init
 .text.ADC_CommonInit
                0x08006a60       0x2c ..\obj\stm32f4xx_adc.o
                0x08006a60                ADC_CommonInit
 .text.ADC_Cmd  0x08006a8c       0x18 ..\obj\stm32f4xx_adc.o
                0x08006a8c                ADC_Cmd
 .text.ADC_RegularChannelConfig
                0x08006aa4       0x94 ..\obj\stm32f4xx_adc.o
                0x08006aa4                ADC_RegularChannelConfig
 .text.ADC_SoftwareStartConv
                0x08006b38        0xc ..\obj\stm32f4xx_adc.o
                0x08006b38                ADC_SoftwareStartConv
 .text.ADC_ContinuousModeCmd
                0x08006b44       0x18 ..\obj\stm32f4xx_adc.o
                0x08006b44                ADC_ContinuousModeCmd
 .text.ADC_GetConversionValue
                0x08006b5c        0x8 ..\obj\stm32f4xx_adc.o
                0x08006b5c                ADC_GetConversionValue
 .text.GetBumper
                0x08006b64       0x28 ..\obj\bw_bumper.o
                0x08006b64                GetBumper
 .text.Display_Cat_VAR
                0x08006b8c       0x9c ..\obj\bw_bumper.o
                0x08006b8c                Display_Cat_VAR
 .text.BW_Home_Detection_check
                0x08006c28      0x3ac ..\obj\bw2017_algorithm.o
                0x08006c28                BW_Home_Detection_check
 .text.Cat_Avoider
                0x08006fd4      0x1f4 ..\obj\bw2017_algorithm.o
                0x08006fd4                Cat_Avoider
 .text.Cat_Avoider_Handler
                0x080071c8       0xc4 ..\obj\bw2017_algorithm.o
                0x080071c8                Cat_Avoider_Handler
 .text.TIM2_IRQHandler
                0x0800728c       0x34 ..\obj\bw2017_algorithm.o
                0x0800728c                TIM2_IRQHandler
 .text.FlameSense_PID_Init
                0x080072c0       0x40 ..\obj\bw2017_algorithm.o
                0x080072c0                FlameSense_PID_Init
 .text.UVLock_Refresh
                0x08007300       0x20 ..\obj\bw2017_algorithm.o
                0x08007300                UVLock_Refresh
 .text.Nav_2_To_1A
                0x08007320       0xb4 ..\obj\bw2017_algorithm.o
                0x08007320                Nav_2_To_1A
 .text.BW_COMPASS_CORRECTION
                0x080073d4     0x2554 ..\obj\bw2017_algorithm.o
                0x080073d4                BW_COMPASS_CORRECTION
 .text.RoomDetector
                0x08009928      0x9fc ..\obj\bw2017_algorithm.o
                0x08009928                RoomDetector
 .text.Sensor_Menu
                0x0800a324       0xd4 ..\obj\bw2017_algorithm.o
                0x0800a324                Sensor_Menu
 .text.HomeCircle_Detector
                0x0800a3f8       0x14 ..\obj\bw2017_algorithm.o
                0x0800a3f8                HomeCircle_Detector
 .text.TCSlave_Check
                0x0800a40c       0xdc ..\obj\bw2017_algorithm.o
                0x0800a40c                TCSlave_Check
 .text.BW_Home_Detection_2017_3
                0x0800a4e8      0x758 ..\obj\bw2017_algorithm.o
                0x0800a4e8                BW_Home_Detection_2017_3
 .text.curve_right_counter
                0x0800ac40      0x908 ..\obj\bw2017_algorithm.o
                0x0800ac40                curve_right_counter
 .text.curve_left_counter
                0x0800b548      0x924 ..\obj\bw2017_algorithm.o
                0x0800b548                curve_left_counter
 .text.PID_follow_right_counter
                0x0800be6c      0x2e4 ..\obj\bw2017_algorithm.o
                0x0800be6c                PID_follow_right_counter
 .text.follow_right_counter
                0x0800c150       0x44 ..\obj\bw2017_algorithm.o
                0x0800c150                follow_right_counter
 .text.PID_follow_left_counter
                0x0800c194      0x5f0 ..\obj\bw2017_algorithm.o
                0x0800c194                PID_follow_left_counter
 .text.follow_left_counter
                0x0800c784       0xc8 ..\obj\bw2017_algorithm.o
                0x0800c784                follow_left_counter
 .text.PID_FollowTracer_Right
                0x0800c84c      0x65c ..\obj\bw2017_algorithm.o
                0x0800c84c                PID_FollowTracer_Right
 .text.PID_FollowTracer_Left
                0x0800cea8      0x608 ..\obj\bw2017_algorithm.o
                0x0800cea8                PID_FollowTracer_Left
 .text.PID_FollowCarpet_Right
                0x0800d4b0      0x604 ..\obj\bw2017_algorithm.o
                0x0800d4b0                PID_FollowCarpet_Right
 .text.FollowCarpet_Right
                0x0800dab4      0x1c0 ..\obj\bw2017_algorithm.o
                0x0800dab4                FollowCarpet_Right
 .text.PID_FollowCarpet_Left
                0x0800dc74      0x5dc ..\obj\bw2017_algorithm.o
                0x0800dc74                PID_FollowCarpet_Left
 .text.FollowCarpet_Left
                0x0800e250      0x1dc ..\obj\bw2017_algorithm.o
                0x0800e250                FollowCarpet_Left
 .text.PID_FollowHome_Right
                0x0800e42c      0x34c ..\obj\bw2017_algorithm.o
                0x0800e42c                PID_FollowHome_Right
 .text.PID_FollowHome_Left
                0x0800e778      0x310 ..\obj\bw2017_algorithm.o
                0x0800e778                PID_FollowHome_Left
 .text.FollowTracer_Right
                0x0800ea88      0x148 ..\obj\bw2017_algorithm.o
                0x0800ea88                FollowTracer_Right
 .text.Nav_HallwaySC_To_3
                0x0800ebd0       0xec ..\obj\bw2017_algorithm.o
                0x0800ebd0                Nav_HallwaySC_To_3
 .text.Nav_HallwaySC_To_2
                0x0800ecbc      0x188 ..\obj\bw2017_algorithm.o
                0x0800ecbc                Nav_HallwaySC_To_2
 .text.Nav_HallwaySC_To_4A
                0x0800ee44      0x14c ..\obj\bw2017_algorithm.o
                0x0800ee44                Nav_HallwaySC_To_4A
 .text.FollowTracer_Left
                0x0800ef90       0xe8 ..\obj\bw2017_algorithm.o
                0x0800ef90                FollowTracer_Left
 .text.Nav_HallwaySC_To_4B
                0x0800f078       0xc0 ..\obj\bw2017_algorithm.o
                0x0800f078                Nav_HallwaySC_To_4B
 .text.Nav_HallwaySC_To_1B
                0x0800f138      0x1b0 ..\obj\bw2017_algorithm.o
                0x0800f138                Nav_HallwaySC_To_1B
 .text.Nav_HallwaySC_To_1A
                0x0800f2e8       0xec ..\obj\bw2017_algorithm.o
                0x0800f2e8                Nav_HallwaySC_To_1A
 .text.FollowHome_Right
                0x0800f3d4       0xcc ..\obj\bw2017_algorithm.o
                0x0800f3d4                FollowHome_Right
 .text.FollowHome_Left
                0x0800f4a0       0xcc ..\obj\bw2017_algorithm.o
                0x0800f4a0                FollowHome_Left
 .text.Nav_3_To_HallwaySC
                0x0800f56c       0xdc ..\obj\bw2017_algorithm.o
                0x0800f56c                Nav_3_To_HallwaySC
 .text.Nav_2_To_HallwaySC
                0x0800f648      0x1b0 ..\obj\bw2017_algorithm.o
                0x0800f648                Nav_2_To_HallwaySC
 .text.Nav_1A_To_HallwaySC
                0x0800f7f8      0x510 ..\obj\bw2017_algorithm.o
                0x0800f7f8                Nav_1A_To_HallwaySC
 .text.Nav_1C_To_HallwaySC
                0x0800fd08      0x168 ..\obj\bw2017_algorithm.o
                0x0800fd08                Nav_1C_To_HallwaySC
 .text.Nav_4A_To_HallwaySC
                0x0800fe70      0x224 ..\obj\bw2017_algorithm.o
                0x0800fe70                Nav_4A_To_HallwaySC
 .text.Nav_4B_To_HallwaySC
                0x08010094       0xd4 ..\obj\bw2017_algorithm.o
                0x08010094                Nav_4B_To_HallwaySC
 .text.Nav_TurnAround
                0x08010168      0x16c ..\obj\bw2017_algorithm.o
                0x08010168                Nav_TurnAround
 .text.FlameSenseDigi_PID_Init
                0x080102d4       0x40 ..\obj\bw2017_algorithm.o
                0x080102d4                FlameSenseDigi_PID_Init
 .text.FlameSense_PID_Calc_Ver3
                0x08010314      0x10c ..\obj\bw2017_algorithm.o
                0x08010314                FlameSense_PID_Calc_Ver3
 .text.FlameTracking_Center
                0x08010420      0x1e0 ..\obj\bw2017_algorithm.o
                0x08010420                FlameTracking_Center
 .text.PID_FlameTracking_Ver3
                0x08010600      0x104 ..\obj\bw2017_algorithm.o
                0x08010600                PID_FlameTracking_Ver3
 .text.Bumper_Action
                0x08010704        0x4 ..\obj\bw2017_algorithm.o
                0x08010704                Bumper_Action
 .text.PID_BWFollowCarpet_Right_Interpolate
                0x08010708      0x370 ..\obj\bw2017_algorithm.o
                0x08010708                PID_BWFollowCarpet_Right_Interpolate
 .text.BWFollowCarpet_Right_Interpolate
                0x08010a78      0x120 ..\obj\bw2017_algorithm.o
                0x08010a78                BWFollowCarpet_Right_Interpolate
 .text.PID_BWFollowCarpet_Left
                0x08010b98      0x25c ..\obj\bw2017_algorithm.o
                0x08010b98                PID_BWFollowCarpet_Left
 .text.BWFollowCarpet_Left
                0x08010df4      0x10c ..\obj\bw2017_algorithm.o
                0x08010df4                BWFollowCarpet_Left
 .text.PID_BWFollowCarpet_Left_Interpolate
                0x08010f00      0x3b8 ..\obj\bw2017_algorithm.o
                0x08010f00                PID_BWFollowCarpet_Left_Interpolate
 .text.BWFollowCarpet_Left_Interpolate
                0x080112b8      0x138 ..\obj\bw2017_algorithm.o
                0x080112b8                BWFollowCarpet_Left_Interpolate
 .text.PID_BW_FollowCounter_Left
                0x080113f0      0x2e8 ..\obj\bw2017_algorithm.o
                0x080113f0                PID_BW_FollowCounter_Left
 .text.BW_FollowCounter_Left
                0x080116d8       0x84 ..\obj\bw2017_algorithm.o
                0x080116d8                BW_FollowCounter_Left
 .text.Furniture_Avoider
                0x0801175c      0x430 ..\obj\bw2017_algorithm.o
                0x0801175c                Furniture_Avoider
 .text.PID_BWFollowTracer_Right_Interpolate
                0x08011b8c      0x3ec ..\obj\bw2017_algorithm.o
                0x08011b8c                PID_BWFollowTracer_Right_Interpolate
 .text.BW_FollowTracer_Right_Interpolate
                0x08011f78      0x13c ..\obj\bw2017_algorithm.o
                0x08011f78                BW_FollowTracer_Right_Interpolate
 .text.Nav_3_To_2
                0x080120b4       0xc4 ..\obj\bw2017_algorithm.o
                0x080120b4                Nav_3_To_2
 .text.Nav_2A_To_1BC
                0x08012178       0xb0 ..\obj\bw2017_algorithm.o
                0x08012178                Nav_2A_To_1BC
 .text.Nav_2B_To_1BC
                0x08012228       0xc0 ..\obj\bw2017_algorithm.o
                0x08012228                Nav_2B_To_1BC
 .text.Nav_4B_To_2
                0x080122e8      0x130 ..\obj\bw2017_algorithm.o
                0x080122e8                Nav_4B_To_2
 .text.PID_BWFollowTracer_Left
                0x08012418      0x35c ..\obj\bw2017_algorithm.o
                0x08012418                PID_BWFollowTracer_Left
 .text.BW_FollowTracer_Left
                0x08012774      0x144 ..\obj\bw2017_algorithm.o
                0x08012774                BW_FollowTracer_Left
 .text.PID_BWFollowTracer_Left_Interpolate
                0x080128b8      0x450 ..\obj\bw2017_algorithm.o
                0x080128b8                PID_BWFollowTracer_Left_Interpolate
 .text.BW_FollowTracer_Left_Interpolate
                0x08012d08      0x15c ..\obj\bw2017_algorithm.o
                0x08012d08                BW_FollowTracer_Left_Interpolate
 .text.Nav_3_To_1BC
                0x08012e64      0x294 ..\obj\bw2017_algorithm.o
                0x08012e64                Nav_3_To_1BC
 .text.Nav_1C_To_2
                0x080130f8       0xd8 ..\obj\bw2017_algorithm.o
                0x080130f8                Nav_1C_To_2
 .text.Nav_1B_To_2
                0x080131d0       0xec ..\obj\bw2017_algorithm.o
                0x080131d0                Nav_1B_To_2
 .text.Nav_4B_To_1BC
                0x080132bc      0x17c ..\obj\bw2017_algorithm.o
                0x080132bc                Nav_4B_To_1BC
 .text.Nav_4B_To_3
                0x08013438      0x120 ..\obj\bw2017_algorithm.o
                0x08013438                Nav_4B_To_3
 .text.PID_BW_FollowCounter_Right
                0x08013558      0x2d8 ..\obj\bw2017_algorithm.o
                0x08013558                PID_BW_FollowCounter_Right
 .text.BW_FollowCounter_Right
                0x08013830       0x80 ..\obj\bw2017_algorithm.o
                0x08013830                BW_FollowCounter_Right
 .text.Nav_4A_To_1A
                0x080138b0      0x504 ..\obj\bw2017_algorithm.o
                0x080138b0                Nav_4A_To_1A
 .text.Nav_4A_To_2
                0x08013db4      0x9dc ..\obj\bw2017_algorithm.o
                0x08013db4                Nav_4A_To_2
 .text.Nav_3_To_4A
                0x08014790      0x4b0 ..\obj\bw2017_algorithm.o
                0x08014790                Nav_3_To_4A
 .text.Nav_3_To_4B
                0x08014c40       0xf8 ..\obj\bw2017_algorithm.o
                0x08014c40                Nav_3_To_4B
 .text.Nav_3_To_4AB
                0x08014d38      0x87c ..\obj\bw2017_algorithm.o
                0x08014d38                Nav_3_To_4AB
 .text.RoomTypeDetector
                0x080155b4      0x2c4 ..\obj\bw2017_algorithm.o
                0x080155b4                RoomTypeDetector
 .text.Nav_3_To_1A
                0x08015878      0x6e0 ..\obj\bw2017_algorithm.o
                0x08015878                Nav_3_To_1A
 .text.Nav_2_To_3
                0x08015f58      0x238 ..\obj\bw2017_algorithm.o
                0x08015f58                Nav_2_To_3
 .text.Nav_2_To_4A
                0x08016190      0x850 ..\obj\bw2017_algorithm.o
                0x08016190                Nav_2_To_4A
 .text.Nav_2_To_4A_NEW
                0x080169e0      0x798 ..\obj\bw2017_algorithm.o
                0x080169e0                Nav_2_To_4A_NEW
 .text.Nav_2_To_4A_NEW_VER2
                0x08017178      0xcb8 ..\obj\bw2017_algorithm.o
                0x08017178                Nav_2_To_4A_NEW_VER2
 .text.Nav_2_To_4B
                0x08017e30      0x4ec ..\obj\bw2017_algorithm.o
                0x08017e30                Nav_2_To_4B
 .text.Nav_1A_To_2
                0x0801831c      0x660 ..\obj\bw2017_algorithm.o
                0x0801831c                Nav_1A_To_2
 .text.Nav_1A_To_3
                0x0801897c      0x61c ..\obj\bw2017_algorithm.o
                0x0801897c                Nav_1A_To_3
 .text.Nav_1A_To_4B
                0x08018f98      0x6c8 ..\obj\bw2017_algorithm.o
                0x08018f98                Nav_1A_To_4B
 .text.Nav_1A_To_4A
                0x08019660      0x814 ..\obj\bw2017_algorithm.o
                0x08019660                Nav_1A_To_4A
 .text.Nav_1C_To_3
                0x08019e74      0x268 ..\obj\bw2017_algorithm.o
                0x08019e74                Nav_1C_To_3
 .text.Nav_1C_To_4A
                0x0801a0dc      0x958 ..\obj\bw2017_algorithm.o
                0x0801a0dc                Nav_1C_To_4A
 .text.Nav_1C_To_4B
                0x0801aa34      0x25c ..\obj\bw2017_algorithm.o
                0x0801aa34                Nav_1C_To_4B
 .text.Nav_4A_To_3
                0x0801ac90      0x920 ..\obj\bw2017_algorithm.o
                0x0801ac90                Nav_4A_To_3
 .text.Nav_4A_To_1A_VER2
                0x0801b5b0      0x614 ..\obj\bw2017_algorithm.o
                0x0801b5b0                Nav_4A_To_1A_VER2
 .text.Nav_4B_To_1A
                0x0801bbc4      0x794 ..\obj\bw2017_algorithm.o
                0x0801bbc4                Nav_4B_To_1A
 .text.BW_Navi  0x0801c358      0x50c ..\obj\bw2017_algorithm.o
                0x0801c358                BW_Navi
 .text.BW_ReturnTrip
                0x0801c864      0x89c ..\obj\bw2017_algorithm.o
                0x0801c864                BW_ReturnTrip
 .text.FlameTracking_Ver3
                0x0801d100      0x1a4 ..\obj\bw2017_algorithm.o
                0x0801d100                FlameTracking_Ver3
 .text.BW_FlameFollowDemo_Dynamixel
                0x0801d2a4      0x774 ..\obj\bw2017_algorithm.o
                0x0801d2a4                BW_FlameFollowDemo_Dynamixel
 .text.BW_Settings_2019
                0x0801da18      0x31c ..\obj\bw2017_algorithm.o
                0x0801da18                BW_Settings_2019
 .text.BW_FireFight_V2
                0x0801dd34     0x17cc ..\obj\bw2017_algorithm.o
                0x0801dd34                BW_FireFight_V2
 .text.Exit_No_Fire
                0x0801f500      0xba4 ..\obj\bw2017_algorithm.o
                0x0801f500                Exit_No_Fire
 .text.H_2018_Room
                0x080200a4     0x1904 ..\obj\bw2017_algorithm.o
                0x080200a4                H_2018_Room
 .text.H_ROOM_1BC_NEW_VER
                0x080219a8      0x1c4 ..\obj\bw2017_algorithm.o
                0x080219a8                H_ROOM_1BC_NEW_VER
 .text.H_ROOM_1A
                0x08021b6c      0x6cc ..\obj\bw2017_algorithm.o
                0x08021b6c                H_ROOM_1A
 .text.H_ROOM_2_NEW_VER2
                0x08022238      0x6b4 ..\obj\bw2017_algorithm.o
                0x08022238                H_ROOM_2_NEW_VER2
 .text.H_ROOM_3_VER2
                0x080228ec      0x4c8 ..\obj\bw2017_algorithm.o
                0x080228ec                H_ROOM_3_VER2
 .text.H_ROOM_4A_VER2
                0x08022db4      0x3b8 ..\obj\bw2017_algorithm.o
                0x08022db4                H_ROOM_4A_VER2
 .text.H_ROOM_4B_VER2
                0x0802316c      0x5b4 ..\obj\bw2017_algorithm.o
                0x0802316c                H_ROOM_4B_VER2
 .text.H_2017_Algorithm
                0x08023720      0x880 ..\obj\bw2017_algorithm.o
                0x08023720                H_2017_Algorithm
 .text.IR_Proximity_Init
                0x08023fa0       0x50 ..\obj\bw_infrared_proximity.o
                0x08023fa0                IR_Proximity_Init
 .text.Get_IR   0x08023ff0       0x88 ..\obj\bw_infrared_proximity.o
                0x08023ff0                Get_IR
 .text.BW_PID_Init
                0x08024078      0x154 ..\obj\bw_pid_controller.o
                0x08024078                BW_PID_Init
 .text.BW_PID_Init_FAR
                0x080241cc      0x154 ..\obj\bw_pid_controller.o
                0x080241cc                BW_PID_Init_FAR
 .text.BW_PID_Init_Room
                0x08024320      0x144 ..\obj\bw_pid_controller.o
                0x08024320                BW_PID_Init_Room
 .text.BW_PID_Init_Furniture
                0x08024464      0x144 ..\obj\bw_pid_controller.o
                0x08024464                BW_PID_Init_Furniture
 .text.PID_Calc_RightRule
                0x080245a8       0xe8 ..\obj\bw_pid_controller.o
                0x080245a8                PID_Calc_RightRule
 .text.PID_Calc_RightRule_Reverse
                0x08024690      0x10c ..\obj\bw_pid_controller.o
                0x08024690                PID_Calc_RightRule_Reverse
 .text.PID_Calc_LeftRule
                0x0802479c       0xe8 ..\obj\bw_pid_controller.o
                0x0802479c                PID_Calc_LeftRule
 .text.PID_Calc_LeftRule_Reverse
                0x08024884      0x10c ..\obj\bw_pid_controller.o
                0x08024884                PID_Calc_LeftRule_Reverse
 .text.PID_Calc_FlameRule
                0x08024990      0x10c ..\obj\bw_pid_controller.o
                0x08024990                PID_Calc_FlameRule
 .text.PID_Calculate_Rule_Interrupt_Init
                0x08024a9c       0x64 ..\obj\bw_pid_controller.o
                0x08024a9c                PID_Calculate_Rule_Interrupt_Init
 .text.Restore_Old_Error_Right
                0x08024b00       0x1c ..\obj\bw_pid_controller.o
                0x08024b00                Restore_Old_Error_Right
 .text.Restore_Old_Error_Left
                0x08024b1c       0x1c ..\obj\bw_pid_controller.o
                0x08024b1c                Restore_Old_Error_Left
 .text.TIM3_IRQHandler
                0x08024b38      0x108 ..\obj\bw_pid_controller.o
                0x08024b38                TIM3_IRQHandler
 .text.Kp_Tuning_R
                0x08024c40       0xa8 ..\obj\bw_pid_controller.o
                0x08024c40                Kp_Tuning_R
 .text.Ki_Tuning_R
                0x08024ce8       0xa8 ..\obj\bw_pid_controller.o
                0x08024ce8                Ki_Tuning_R
 .text.Kd_Tuning_R
                0x08024d90       0xa8 ..\obj\bw_pid_controller.o
                0x08024d90                Kd_Tuning_R
 .text.Kp_Tuning_L
                0x08024e38       0xa8 ..\obj\bw_pid_controller.o
                0x08024e38                Kp_Tuning_L
 .text.Ki_Tuning_L
                0x08024ee0       0xa8 ..\obj\bw_pid_controller.o
                0x08024ee0                Ki_Tuning_L
 .text.Kd_Tuning_L
                0x08024f88       0xa8 ..\obj\bw_pid_controller.o
                0x08024f88                Kd_Tuning_L
 .text.BW_Initial_Setup
                0x08025030       0x8c ..\obj\bw_utilities.o
                0x08025030                BW_Initial_Setup
 .text.GPIO_Init
                0x080250bc       0x90 ..\obj\stm32f4xx_gpio.o
                0x080250bc                GPIO_Init
 .text.GPIO_ReadInputDataBit
                0x0802514c        0xc ..\obj\stm32f4xx_gpio.o
                0x0802514c                GPIO_ReadInputDataBit
 .text.GPIO_SetBits
                0x08025158        0x4 ..\obj\stm32f4xx_gpio.o
                0x08025158                GPIO_SetBits
 .text.GPIO_ResetBits
                0x0802515c        0x4 ..\obj\stm32f4xx_gpio.o
                0x0802515c                GPIO_ResetBits
 .text.GPIO_PinAFConfig
                0x08025160       0x28 ..\obj\stm32f4xx_gpio.o
                0x08025160                GPIO_PinAFConfig
 .text.SystemInit
                0x08025188       0xf4 ..\obj\system_stm32f4xx.o
                0x08025188                SystemInit
 .text._sbrk    0x0802527c       0x20 ..\obj\syscalls.o
                0x0802527c                _sbrk
 .text.Get_UV   0x0802529c       0x34 ..\obj\bw_UV-TRON.o
                0x0802529c                Get_UV
 .text.SysTick_Init
                0x080252d0       0x34 ..\obj\bw_systick_delay.o
                0x080252d0                SysTick_Init
 .text.TimeTick_Decrement
                0x08025304       0x14 ..\obj\bw_systick_delay.o
                0x08025304                TimeTick_Decrement
 .text.SysTick_Handler
                0x08025318        0x8 ..\obj\bw_systick_delay.o
                0x08025318                SysTick_Handler
 .text.delay_us
                0x08025320       0x14 ..\obj\bw_systick_delay.o
                0x08025320                delay_us
 .text.delay_1ms
                0x08025334       0x18 ..\obj\bw_systick_delay.o
                0x08025334                delay_1ms
 .text.delay_ms
                0x0802534c       0x10 ..\obj\bw_systick_delay.o
                0x0802534c                delay_ms
 .text.HexJoint_Actuate
                0x0802535c       0xdc ..\obj\bw_dynamixel_hexapod_cmd.o
                0x0802535c                HexJoint_Actuate
 .text.HexJoint_Actuate_Interpolate
                0x08025438      0x1b0 ..\obj\bw_dynamixel_hexapod_cmd.o
                0x08025438                HexJoint_Actuate_Interpolate
 .text.Dynamx_MoveLeg_Interpolate
                0x080255e8      0x174 ..\obj\bw_dynamixel_hexapod_cmd.o
                0x080255e8                Dynamx_MoveLeg_Interpolate
 .text.Dynamx_MovFwd4cm_Interpolate
                0x0802575c     0x10f4 ..\obj\bw_dynamixel_hexapod_cmd.o
                0x0802575c                Dynamx_MovFwd4cm_Interpolate
 .text.Dynamx_Mov_Static_Interpolate
                0x08026850       0x7c ..\obj\bw_dynamixel_hexapod_cmd.o
                0x08026850                Dynamx_Mov_Static_Interpolate
 *fill*         0x080268cc        0x4 
 .text.Dynamx_GenerateIK
                0x080268d0      0x1a0 ..\obj\bw_dynamixel_hexapod_cmd.o
                0x080268d0                Dynamx_GenerateIK
 .text.Dynamx_IK
                0x08026a70      0x478 ..\obj\bw_dynamixel_hexapod_cmd.o
                0x08026a70                Dynamx_IK
 .text.Dynamx_MoveLeg
                0x08026ee8      0x174 ..\obj\bw_dynamixel_hexapod_cmd.o
                0x08026ee8                Dynamx_MoveLeg
 .text.Dynamx_Mov_Static
                0x0802705c      0x124 ..\obj\bw_dynamixel_hexapod_cmd.o
                0x0802705c                Dynamx_Mov_Static
 .text.Dynamx_MovFwd4cm
                0x08027180     0x1754 ..\obj\bw_dynamixel_hexapod_cmd.o
                0x08027180                Dynamx_MovFwd4cm
 .text.Dynamx_MovBwd_Interpolate
                0x080288d4      0xd54 ..\obj\bw_dynamixel_hexapod_cmd.o
                0x080288d4                Dynamx_MovBwd_Interpolate
 .text.Dynamx_Rot_Right
                0x08029628      0xd08 ..\obj\bw_dynamixel_hexapod_cmd.o
                0x08029628                Dynamx_Rot_Right
 .text.Dynamx_Rot_Right_Interpolate
                0x0802a330      0x9e4 ..\obj\bw_dynamixel_hexapod_cmd.o
                0x0802a330                Dynamx_Rot_Right_Interpolate
 .text.Dynamx_Rot_Left
                0x0802ad14      0xd20 ..\obj\bw_dynamixel_hexapod_cmd.o
                0x0802ad14                Dynamx_Rot_Left
 .text.Dynamx_Rot_Left_Interpolate
                0x0802ba34      0x9dc ..\obj\bw_dynamixel_hexapod_cmd.o
                0x0802ba34                Dynamx_Rot_Left_Interpolate
 .text.Dynamx_Rot_Right_PID_Interpolate
                0x0802c410      0x910 ..\obj\bw_dynamixel_hexapod_cmd.o
                0x0802c410                Dynamx_Rot_Right_PID_Interpolate
 .text.Dynamx_Rot_Left_PID_Interpolate
                0x0802cd20      0x910 ..\obj\bw_dynamixel_hexapod_cmd.o
                0x0802cd20                Dynamx_Rot_Left_PID_Interpolate
 .text.Dynamx_Slide_Left
                0x0802d630      0x95c ..\obj\bw_dynamixel_hexapod_cmd.o
                0x0802d630                Dynamx_Slide_Left
 .text.Dynamx_Slide_Left_Interpolate
                0x0802df8c      0xb2c ..\obj\bw_dynamixel_hexapod_cmd.o
                0x0802df8c                Dynamx_Slide_Left_Interpolate
 .text.Dynamx_Slide_Right_Interpolate
                0x0802eab8      0xb28 ..\obj\bw_dynamixel_hexapod_cmd.o
                0x0802eab8                Dynamx_Slide_Right_Interpolate
 .text.Dynamx_CurveRight_PID
                0x0802f5e0     0x12d8 ..\obj\bw_dynamixel_hexapod_cmd.o
                0x0802f5e0                Dynamx_CurveRight_PID
 .text.Dynamx_CurveRight_PID_Interpolate
                0x080308b8     0x1490 ..\obj\bw_dynamixel_hexapod_cmd.o
                0x080308b8                Dynamx_CurveRight_PID_Interpolate
 .text.Dynamx_CurveLeft_PID
                0x08031d48     0x12d8 ..\obj\bw_dynamixel_hexapod_cmd.o
                0x08031d48                Dynamx_CurveLeft_PID
 .text.Dynamx_CurveLeft_PID_Interpolate
                0x08033020     0x1500 ..\obj\bw_dynamixel_hexapod_cmd.o
                0x08033020                Dynamx_CurveLeft_PID_Interpolate
 .text.Get_TPA81
                0x08034520        0xc ..\obj\bw_tpa_servo.o
                0x08034520                Get_TPA81
 .text.BW_TPA81_I2C_Init
                0x0803452c       0x8c ..\obj\bw_tpa_servo.o
                0x0803452c                BW_TPA81_I2C_Init
 .text.I2C2_TimeOut
                0x080345b8       0x30 ..\obj\bw_tpa_servo.o
                0x080345b8                I2C2_TimeOut
 .text.Read_I2C
                0x080345e8      0x190 ..\obj\bw_tpa_servo.o
                0x080345e8                Read_I2C
 .text.BW_TPA_Check
                0x08034778      0x1ac ..\obj\bw_tpa_servo.o
                0x08034778                BW_TPA_Check
 .text.Display_TPA81
                0x08034924       0xa4 ..\obj\bw_tpa_servo.o
                0x08034924                Display_TPA81
 .text.I2C_DeInit
                0x080349c8       0x64 ..\obj\stm32f4xx_i2c.o
                0x080349c8                I2C_DeInit
 .text.I2C_Init
                0x08034a2c       0xd8 ..\obj\stm32f4xx_i2c.o
                0x08034a2c                I2C_Init
 .text.I2C_Cmd  0x08034b04       0x1c ..\obj\stm32f4xx_i2c.o
                0x08034b04                I2C_Cmd
 .text.I2C_GenerateSTART
                0x08034b20       0x1c ..\obj\stm32f4xx_i2c.o
                0x08034b20                I2C_GenerateSTART
 .text.I2C_GenerateSTOP
                0x08034b3c       0x1c ..\obj\stm32f4xx_i2c.o
                0x08034b3c                I2C_GenerateSTOP
 .text.I2C_Send7bitAddress
                0x08034b58       0x10 ..\obj\stm32f4xx_i2c.o
                0x08034b58                I2C_Send7bitAddress
 .text.I2C_AcknowledgeConfig
                0x08034b68       0x1c ..\obj\stm32f4xx_i2c.o
                0x08034b68                I2C_AcknowledgeConfig
 .text.I2C_SoftwareResetCmd
                0x08034b84       0x1c ..\obj\stm32f4xx_i2c.o
                0x08034b84                I2C_SoftwareResetCmd
 .text.I2C_SendData
                0x08034ba0        0x4 ..\obj\stm32f4xx_i2c.o
                0x08034ba0                I2C_SendData
 .text.I2C_ReceiveData
                0x08034ba4        0x8 ..\obj\stm32f4xx_i2c.o
                0x08034ba4                I2C_ReceiveData
 .text.I2C_CheckEvent
                0x08034bac       0x1c ..\obj\stm32f4xx_i2c.o
                0x08034bac                I2C_CheckEvent
 .text.I2C_GetFlagStatus
                0x08034bc8       0x38 ..\obj\stm32f4xx_i2c.o
                0x08034bc8                I2C_GetFlagStatus
 .text.RS_off   0x08034c00       0x14 ..\obj\bw_lcd.o
                0x08034c00                RS_off
 .text.EN_off   0x08034c14       0x14 ..\obj\bw_lcd.o
                0x08034c14                EN_off
 .text.EN_on    0x08034c28       0x14 ..\obj\bw_lcd.o
                0x08034c28                EN_on
 .text.D4_off   0x08034c3c       0x14 ..\obj\bw_lcd.o
                0x08034c3c                D4_off
 .text.D4_on    0x08034c50       0x14 ..\obj\bw_lcd.o
                0x08034c50                D4_on
 .text.D5_off   0x08034c64       0x14 ..\obj\bw_lcd.o
                0x08034c64                D5_off
 .text.D5_on    0x08034c78       0x14 ..\obj\bw_lcd.o
                0x08034c78                D5_on
 .text.D6_off   0x08034c8c       0x14 ..\obj\bw_lcd.o
                0x08034c8c                D6_off
 .text.D6_on    0x08034ca0       0x14 ..\obj\bw_lcd.o
                0x08034ca0                D6_on
 .text.D7_off   0x08034cb4       0x14 ..\obj\bw_lcd.o
                0x08034cb4                D7_off
 .text.D7_on    0x08034cc8       0x14 ..\obj\bw_lcd.o
                0x08034cc8                D7_on
 .text.lcd_write_nible
                0x08034cdc       0x50 ..\obj\bw_lcd.o
                0x08034cdc                lcd_write_nible
 .text.lcd_write_byte
                0x08034d2c       0x1c ..\obj\bw_lcd.o
                0x08034d2c                lcd_write_byte
 .text.lcd_write_cmd_byte
                0x08034d48       0x20 ..\obj\bw_lcd.o
                0x08034d48                lcd_write_cmd_byte
 .text.BW_LCD_Init
                0x08034d68       0x18 ..\obj\bw_lcd.o
                0x08034d68                BW_LCD_Init
 .text.lcd_putstr
                0x08034d80       0x18 ..\obj\bw_lcd.o
                0x08034d80                lcd_putstr
 .text.lcd_gotoxy
                0x08034d98        0x8 ..\obj\bw_lcd.o
                0x08034d98                lcd_gotoxy
 .text.lcd_display_clear
                0x08034da0        0x8 ..\obj\bw_lcd.o
                0x08034da0                lcd_display_clear
 .text.lcd_cursor_off_blink_off
                0x08034da8       0x14 ..\obj\bw_lcd.o
                0x08034da8                lcd_cursor_off_blink_off
 .text.NVIC_Init
                0x08034dbc       0x70 ..\obj\misc.o
                0x08034dbc                NVIC_Init
 .text.BW_CMPS11_Init
                0x08034e2c        0x4 ..\obj\bw_cmps11.o
                0x08034e2c                BW_CMPS11_Init
 .text.BW_CMPS11_I2C_Init
                0x08034e30       0xcc ..\obj\bw_cmps11.o
                0x08034e30                BW_CMPS11_I2C_Init
 .text.I2C3_TimeOut
                0x08034efc       0x30 ..\obj\bw_cmps11.o
                0x08034efc                I2C3_TimeOut
 .text.I2C3_ReadByte
                0x08034f2c      0x194 ..\obj\bw_cmps11.o
                0x08034f2c                I2C3_ReadByte
 .text.GetCMPS11_Angle8Bit
                0x080350c0       0xc0 ..\obj\bw_cmps11.o
                0x080350c0                GetCMPS11_Angle8Bit
 .text.Get_East_Status
                0x08035180       0x48 ..\obj\bw_cmps11.o
                0x08035180                Get_East_Status
 .text.Get_North_Status
                0x080351c8        0x8 ..\obj\bw_cmps11.o
                0x080351c8                Get_North_Status
 .text.Get_Data_Status
                0x080351d0      0x248 ..\obj\bw_cmps11.o
                0x080351d0                Get_Data_Status
 .text.Display_Yaw_Angle
                0x08035418       0xd4 ..\obj\bw_cmps11.o
                0x08035418                Display_Yaw_Angle
 .text.Display_TCS3200_Data
                0x080354ec      0x104 ..\obj\bw_tcs3200_receiver.o
                0x080354ec                Display_TCS3200_Data
 .text.Display_Tracer_Data
                0x080355f0      0x128 ..\obj\bw_tcs3200_receiver.o
                0x080355f0                Display_Tracer_Data
 .text.Display_TCS3200_Rule
                0x08035718       0x94 ..\obj\bw_tcs3200_receiver.o
                0x08035718                Display_TCS3200_Rule
 .text.TCS3200_Cal_DisplayStat
                0x080357ac      0x150 ..\obj\bw_tcs3200_receiver.o
                0x080357ac                TCS3200_Cal_DisplayStat
 .text.TCS3200_Calibration
                0x080358fc      0x2bc ..\obj\bw_tcs3200_receiver.o
                0x080358fc                TCS3200_Calibration
 .text.Tracer_Cal_DisplayStat
                0x08035bb8      0x150 ..\obj\bw_tcs3200_receiver.o
                0x08035bb8                Tracer_Cal_DisplayStat
 .text.Tracer_Calibration
                0x08035d08      0x2c8 ..\obj\bw_tcs3200_receiver.o
                0x08035d08                Tracer_Calibration
 .text.Tracer_Calibration_MOV
                0x08035fd0      0x2f0 ..\obj\bw_tcs3200_receiver.o
                0x08035fd0                Tracer_Calibration_MOV
 .text.Display_Threshold
                0x080362c0       0xd8 ..\obj\bw_tcs3200_receiver.o
                0x080362c0                Display_Threshold
 .text.Display_New_Tracer
                0x08036398       0x9c ..\obj\bw_tcs3200_receiver.o
                0x08036398                Display_New_Tracer
 .text.Hybrid_TCS3200Tracer_MainMenu
                0x08036434      0x254 ..\obj\bw_tcs3200_receiver.o
                0x08036434                Hybrid_TCS3200Tracer_MainMenu
 .text.TIM_TimeBaseInit
                0x08036688       0x88 ..\obj\stm32f4xx_tim.o
                0x08036688                TIM_TimeBaseInit
 .text.TIM_Cmd  0x08036710       0x1c ..\obj\stm32f4xx_tim.o
                0x08036710                TIM_Cmd
 .text.TIM_ITConfig
                0x0803672c       0x18 ..\obj\stm32f4xx_tim.o
                0x0803672c                TIM_ITConfig
 .text.TIM_ClearFlag
                0x08036744        0x8 ..\obj\stm32f4xx_tim.o
                0x08036744                TIM_ClearFlag
 .text.TIM_GetITStatus
                0x0803674c       0x18 ..\obj\stm32f4xx_tim.o
                0x0803674c                TIM_GetITStatus
 .text.TIM_ClearITPendingBit
                0x08036764        0x8 ..\obj\stm32f4xx_tim.o
                0x08036764                TIM_ClearITPendingBit
 .text.ADC1_config
                0x0803676c       0x68 ..\obj\bw_flame_sensor.o
                0x0803676c                ADC1_config
 .text.FlameSensor_Init
                0x080367d4       0x34 ..\obj\bw_flame_sensor.o
                0x080367d4                FlameSensor_Init
 .text.GetFlame
                0x08036808       0x20 ..\obj\bw_flame_sensor.o
                0x08036808                GetFlame
 .text.atan     0x08036828      0x350 C:\Program Files (x86)\GNU Tools ARM Embedded\4.8 2014q1\arm-none-eabi\lib\armv7e-m\libm.a(lib_a-s_atan.o)
                0x08036828                atan
 .text.cos      0x08036b78       0x74 C:\Program Files (x86)\GNU Tools ARM Embedded\4.8 2014q1\arm-none-eabi\lib\armv7e-m\libm.a(lib_a-s_cos.o)
                0x08036b78                cos
 .text.fabs     0x08036bec        0x8 C:\Program Files (x86)\GNU Tools ARM Embedded\4.8 2014q1\arm-none-eabi\lib\armv7e-m\libm.a(lib_a-s_fabs.o)
                0x08036bec                fabs
 .text.fmax     0x08036bf4       0x38 C:\Program Files (x86)\GNU Tools ARM Embedded\4.8 2014q1\arm-none-eabi\lib\armv7e-m\libm.a(lib_a-s_fmax.o)
                0x08036bf4                fmax
 .text.__fpclassifyd
                0x08036c2c       0x50 C:\Program Files (x86)\GNU Tools ARM Embedded\4.8 2014q1\arm-none-eabi\lib\armv7e-m\libm.a(lib_a-s_fpclassify.o)
                0x08036c2c                __fpclassifyd
 .text.sin      0x08036c7c       0x94 C:\Program Files (x86)\GNU Tools ARM Embedded\4.8 2014q1\arm-none-eabi\lib\armv7e-m\libm.a(lib_a-s_sin.o)
                0x08036c7c                sin
 .text.acos     0x08036d10       0xa8 C:\Program Files (x86)\GNU Tools ARM Embedded\4.8 2014q1\arm-none-eabi\lib\armv7e-m\libm.a(lib_a-w_acos.o)
                0x08036d10                acos
 .text.__ieee754_acos
                0x08036db8      0x4b8 C:\Program Files (x86)\GNU Tools ARM Embedded\4.8 2014q1\arm-none-eabi\lib\armv7e-m\libm.a(lib_a-e_acos.o)
                0x08036db8                __ieee754_acos
 .text.__ieee754_rem_pio2
                0x08037270      0x440 C:\Program Files (x86)\GNU Tools ARM Embedded\4.8 2014q1\arm-none-eabi\lib\armv7e-m\libm.a(lib_a-e_rem_pio2.o)
                0x08037270                __ieee754_rem_pio2
 .text.__ieee754_sqrt
                0x080376b0      0x180 C:\Program Files (x86)\GNU Tools ARM Embedded\4.8 2014q1\arm-none-eabi\lib\armv7e-m\libm.a(lib_a-e_sqrt.o)
                0x080376b0                __ieee754_sqrt
 .text.__kernel_cos
                0x08037830      0x250 C:\Program Files (x86)\GNU Tools ARM Embedded\4.8 2014q1\arm-none-eabi\lib\armv7e-m\libm.a(lib_a-k_cos.o)
                0x08037830                __kernel_cos
 .text.__kernel_rem_pio2
                0x08037a80      0x7b0 C:\Program Files (x86)\GNU Tools ARM Embedded\4.8 2014q1\arm-none-eabi\lib\armv7e-m\libm.a(lib_a-k_rem_pio2.o)
                0x08037a80                __kernel_rem_pio2
 .text.__kernel_sin
                0x08038230      0x170 C:\Program Files (x86)\GNU Tools ARM Embedded\4.8 2014q1\arm-none-eabi\lib\armv7e-m\libm.a(lib_a-k_sin.o)
                0x08038230                __kernel_sin
 .text.floor    0x080383a0      0x120 C:\Program Files (x86)\GNU Tools ARM Embedded\4.8 2014q1\arm-none-eabi\lib\armv7e-m\libm.a(lib_a-s_floor.o)
                0x080383a0                floor
 .text.matherr  0x080384c0        0x4 C:\Program Files (x86)\GNU Tools ARM Embedded\4.8 2014q1\arm-none-eabi\lib\armv7e-m\libm.a(lib_a-s_matherr.o)
                0x080384c0                matherr
 .text.nan      0x080384c4        0xc C:\Program Files (x86)\GNU Tools ARM Embedded\4.8 2014q1\arm-none-eabi\lib\armv7e-m\libm.a(lib_a-s_nan.o)
                0x080384c4                nan
 .text.scalbn   0x080384d0      0x118 C:\Program Files (x86)\GNU Tools ARM Embedded\4.8 2014q1\arm-none-eabi\lib\armv7e-m\libm.a(lib_a-s_scalbn.o)
                0x080384d0                scalbn
 .text.copysign
                0x080385e8       0x14 C:\Program Files (x86)\GNU Tools ARM Embedded\4.8 2014q1\arm-none-eabi\lib\armv7e-m\libm.a(lib_a-s_copysign.o)
                0x080385e8                copysign
 .text          0x080385fc      0x370 c:/program files (x86)/gnu tools arm embedded/4.8 2014q1/bin/../lib/gcc/arm-none-eabi/4.8.3/armv7e-m\libgcc.a(_arm_addsubdf3.o)
                0x080385fc                __aeabi_drsub
                0x08038604                __aeabi_dsub
                0x08038604                __subdf3
                0x08038608                __aeabi_dadd
                0x08038608                __adddf3
                0x08038880                __floatunsidf
                0x08038880                __aeabi_ui2d
                0x080388a0                __floatsidf
                0x080388a0                __aeabi_i2d
                0x080388c4                __aeabi_f2d
                0x080388c4                __extendsfdf2
                0x08038900                __floatundidf
                0x08038900                __aeabi_ul2d
                0x08038910                __floatdidf
                0x08038910                __aeabi_l2d
 .text          0x0803896c      0x424 c:/program files (x86)/gnu tools arm embedded/4.8 2014q1/bin/../lib/gcc/arm-none-eabi/4.8.3/armv7e-m\libgcc.a(_arm_muldivdf3.o)
                0x0803896c                __aeabi_dmul
                0x0803896c                __muldf3
                0x08038bc0                __divdf3
                0x08038bc0                __aeabi_ddiv
 .text          0x08038d90      0x110 c:/program files (x86)/gnu tools arm embedded/4.8 2014q1/bin/../lib/gcc/arm-none-eabi/4.8.3/armv7e-m\libgcc.a(_arm_cmpdf2.o)
                0x08038d90                __gtdf2
                0x08038d90                __gedf2
                0x08038d98                __ltdf2
                0x08038d98                __ledf2
                0x08038da0                __nedf2
                0x08038da0                __eqdf2
                0x08038da0                __cmpdf2
                0x08038e1c                __aeabi_cdrcmple
                0x08038e2c                __aeabi_cdcmpeq
                0x08038e2c                __aeabi_cdcmple
                0x08038e3c                __aeabi_dcmpeq
                0x08038e50                __aeabi_dcmplt
                0x08038e64                __aeabi_dcmple
                0x08038e78                __aeabi_dcmpge
                0x08038e8c                __aeabi_dcmpgt
 .text          0x08038ea0       0x50 c:/program files (x86)/gnu tools arm embedded/4.8 2014q1/bin/../lib/gcc/arm-none-eabi/4.8.3/armv7e-m\libgcc.a(_arm_fixdfsi.o)
                0x08038ea0                __aeabi_d2iz
                0x08038ea0                __fixdfsi
 .text          0x08038ef0       0xa0 c:/program files (x86)/gnu tools arm embedded/4.8 2014q1/bin/../lib/gcc/arm-none-eabi/4.8.3/armv7e-m\libgcc.a(_arm_truncdfsf2.o)
                0x08038ef0                __truncdfsf2
                0x08038ef0                __aeabi_d2f
 .text          0x08038f90      0x21c c:/program files (x86)/gnu tools arm embedded/4.8 2014q1/bin/../lib/gcc/arm-none-eabi/4.8.3/armv7e-m\libgcc.a(_arm_addsubsf3.o)
                0x08038f90                __aeabi_frsub
                0x08038f98                __subsf3
                0x08038f98                __aeabi_fsub
                0x08038f9c                __aeabi_fadd
                0x08038f9c                __addsf3
                0x080390fc                __aeabi_ui2f
                0x080390fc                __floatunsisf
                0x08039104                __aeabi_i2f
                0x08039104                __floatsisf
                0x08039120                __aeabi_ul2f
                0x08039120                __floatundisf
                0x08039130                __aeabi_l2f
                0x08039130                __floatdisf
 .text          0x080391ac      0x2a0 c:/program files (x86)/gnu tools arm embedded/4.8 2014q1/bin/../lib/gcc/arm-none-eabi/4.8.3/armv7e-m\libgcc.a(_arm_muldivsf3.o)
                0x080391ac                __mulsf3
                0x080391ac                __aeabi_fmul
                0x08039314                __aeabi_fdiv
                0x08039314                __divsf3
 .text          0x0803944c       0xec c:/program files (x86)/gnu tools arm embedded/4.8 2014q1/bin/../lib/gcc/arm-none-eabi/4.8.3/armv7e-m\libgcc.a(_arm_cmpsf2.o)
                0x0803944c                __gesf2
                0x0803944c                __gtsf2
                0x08039454                __lesf2
                0x08039454                __ltsf2
                0x0803945c                __nesf2
                0x0803945c                __eqsf2
                0x0803945c                __cmpsf2
                0x080394bc                __aeabi_cfrcmple
                0x080394c4                __aeabi_cfcmpeq
                0x080394c4                __aeabi_cfcmple
                0x080394d4                __aeabi_fcmpeq
                0x080394e8                __aeabi_fcmplt
                0x080394fc                __aeabi_fcmple
                0x08039510                __aeabi_fcmpge
                0x08039524                __aeabi_fcmpgt
 .text          0x08039538       0x4c c:/program files (x86)/gnu tools arm embedded/4.8 2014q1/bin/../lib/gcc/arm-none-eabi/4.8.3/armv7e-m\libgcc.a(_arm_fixsfsi.o)
                0x08039538                __aeabi_f2iz
                0x08039538                __fixsfsi
 .text          0x08039584       0x40 c:/program files (x86)/gnu tools arm embedded/4.8 2014q1/bin/../lib/gcc/arm-none-eabi/4.8.3/armv7e-m\libgcc.a(_arm_fixunssfsi.o)
                0x08039584                __fixunssfsi
                0x08039584                __aeabi_f2uiz
 .text.__errno  0x080395c4        0xc C:\Program Files (x86)\GNU Tools ARM Embedded\4.8 2014q1\arm-none-eabi\lib\armv7e-m\libc.a(lib_a-errno.o)
                0x080395c4                __errno
 .text          0x080395d0      0x134 C:\Program Files (x86)\GNU Tools ARM Embedded\4.8 2014q1\arm-none-eabi\lib\armv7e-m\libc.a(lib_a-memcpy.o)
                0x080395d0                memcpy
 .text.sprintf  0x08039704       0x4c C:\Program Files (x86)\GNU Tools ARM Embedded\4.8 2014q1\arm-none-eabi\lib\armv7e-m\libc.a(lib_a-sprintf.o)
                0x08039704                sprintf
 .text.strlen   0x08039750       0x60 C:\Program Files (x86)\GNU Tools ARM Embedded\4.8 2014q1\arm-none-eabi\lib\armv7e-m\libc.a(lib_a-strlen.o)
                0x08039750                strlen
 .text._svfprintf_r
                0x080397b0     0x14f8 C:\Program Files (x86)\GNU Tools ARM Embedded\4.8 2014q1\arm-none-eabi\lib\armv7e-m\libc.a(lib_a-svfprintf.o)
                0x080397b0                _svfprintf_r
 .text.quorem   0x0803aca8      0x130 C:\Program Files (x86)\GNU Tools ARM Embedded\4.8 2014q1\arm-none-eabi\lib\armv7e-m\libc.a(lib_a-dtoa.o)
 .text._dtoa_r  0x0803add8      0xe38 C:\Program Files (x86)\GNU Tools ARM Embedded\4.8 2014q1\arm-none-eabi\lib\armv7e-m\libc.a(lib_a-dtoa.o)
                0x0803add8                _dtoa_r
 .text._localeconv_r
                0x0803bc10        0x8 C:\Program Files (x86)\GNU Tools ARM Embedded\4.8 2014q1\arm-none-eabi\lib\armv7e-m\libc.a(lib_a-locale.o)
                0x0803bc10                _localeconv_r
 .text._malloc_r
                0x0803bc18      0x538 C:\Program Files (x86)\GNU Tools ARM Embedded\4.8 2014q1\arm-none-eabi\lib\armv7e-m\libc.a(lib_a-mallocr.o)
                0x0803bc18                _malloc_r
 .text.memchr   0x0803c150       0x90 C:\Program Files (x86)\GNU Tools ARM Embedded\4.8 2014q1\arm-none-eabi\lib\armv7e-m\libc.a(lib_a-memchr-stub.o)
                0x0803c150                memchr
 .text.__malloc_lock
                0x0803c1e0        0x4 C:\Program Files (x86)\GNU Tools ARM Embedded\4.8 2014q1\arm-none-eabi\lib\armv7e-m\libc.a(lib_a-mlock.o)
                0x0803c1e0                __malloc_lock
 .text.__malloc_unlock
                0x0803c1e4        0x4 C:\Program Files (x86)\GNU Tools ARM Embedded\4.8 2014q1\arm-none-eabi\lib\armv7e-m\libc.a(lib_a-mlock.o)
                0x0803c1e4                __malloc_unlock
 .text._Balloc  0x0803c1e8       0x4c C:\Program Files (x86)\GNU Tools ARM Embedded\4.8 2014q1\arm-none-eabi\lib\armv7e-m\libc.a(lib_a-mprec.o)
                0x0803c1e8                _Balloc
 .text._Bfree   0x0803c234       0x14 C:\Program Files (x86)\GNU Tools ARM Embedded\4.8 2014q1\arm-none-eabi\lib\armv7e-m\libc.a(lib_a-mprec.o)
                0x0803c234                _Bfree
 .text.__multadd
                0x0803c248       0x98 C:\Program Files (x86)\GNU Tools ARM Embedded\4.8 2014q1\arm-none-eabi\lib\armv7e-m\libc.a(lib_a-mprec.o)
                0x0803c248                __multadd
 .text.__hi0bits
                0x0803c2e0       0x40 C:\Program Files (x86)\GNU Tools ARM Embedded\4.8 2014q1\arm-none-eabi\lib\armv7e-m\libc.a(lib_a-mprec.o)
                0x0803c2e0                __hi0bits
 .text.__lo0bits
                0x0803c320       0x5c C:\Program Files (x86)\GNU Tools ARM Embedded\4.8 2014q1\arm-none-eabi\lib\armv7e-m\libc.a(lib_a-mprec.o)
                0x0803c320                __lo0bits
 .text.__i2b    0x0803c37c       0x14 C:\Program Files (x86)\GNU Tools ARM Embedded\4.8 2014q1\arm-none-eabi\lib\armv7e-m\libc.a(lib_a-mprec.o)
                0x0803c37c                __i2b
 .text.__multiply
                0x0803c390      0x13c C:\Program Files (x86)\GNU Tools ARM Embedded\4.8 2014q1\arm-none-eabi\lib\armv7e-m\libc.a(lib_a-mprec.o)
                0x0803c390                __multiply
 .text.__pow5mult
                0x0803c4cc       0x9c C:\Program Files (x86)\GNU Tools ARM Embedded\4.8 2014q1\arm-none-eabi\lib\armv7e-m\libc.a(lib_a-mprec.o)
                0x0803c4cc                __pow5mult
 .text.__lshift
                0x0803c568       0xbc C:\Program Files (x86)\GNU Tools ARM Embedded\4.8 2014q1\arm-none-eabi\lib\armv7e-m\libc.a(lib_a-mprec.o)
                0x0803c568                __lshift
 .text.__mcmp   0x0803c624       0x48 C:\Program Files (x86)\GNU Tools ARM Embedded\4.8 2014q1\arm-none-eabi\lib\armv7e-m\libc.a(lib_a-mprec.o)
                0x0803c624                __mcmp
 .text.__mdiff  0x0803c66c       0xd4 C:\Program Files (x86)\GNU Tools ARM Embedded\4.8 2014q1\arm-none-eabi\lib\armv7e-m\libc.a(lib_a-mprec.o)
                0x0803c66c                __mdiff
 .text.__d2b    0x0803c740       0xbc C:\Program Files (x86)\GNU Tools ARM Embedded\4.8 2014q1\arm-none-eabi\lib\armv7e-m\libc.a(lib_a-mprec.o)
                0x0803c740                __d2b
 .text._sbrk_r  0x0803c7fc       0x24 C:\Program Files (x86)\GNU Tools ARM Embedded\4.8 2014q1\arm-none-eabi\lib\armv7e-m\libc.a(lib_a-sbrkr.o)
                0x0803c7fc                _sbrk_r
 .text.__ssprint_r
                0x0803c820      0x100 C:\Program Files (x86)\GNU Tools ARM Embedded\4.8 2014q1\arm-none-eabi\lib\armv7e-m\libc.a(lib_a-svfiprintf.o)
                0x0803c820                __ssprint_r
 .text._calloc_r
                0x0803c920       0x60 C:\Program Files (x86)\GNU Tools ARM Embedded\4.8 2014q1\arm-none-eabi\lib\armv7e-m\libc.a(lib_a-callocr.o)
                0x0803c920                _calloc_r
 .text._malloc_trim_r
                0x0803c980       0x9c C:\Program Files (x86)\GNU Tools ARM Embedded\4.8 2014q1\arm-none-eabi\lib\armv7e-m\libc.a(lib_a-freer.o)
                0x0803c980                _malloc_trim_r
 .text._free_r  0x0803ca1c      0x19c C:\Program Files (x86)\GNU Tools ARM Embedded\4.8 2014q1\arm-none-eabi\lib\armv7e-m\libc.a(lib_a-freer.o)
                0x0803ca1c                _free_r
 .text.memmove  0x0803cbb8       0xc0 C:\Program Files (x86)\GNU Tools ARM Embedded\4.8 2014q1\arm-none-eabi\lib\armv7e-m\libc.a(lib_a-memmove.o)
                0x0803cbb8                memmove
 .text.memset   0x0803cc78       0x94 C:\Program Files (x86)\GNU Tools ARM Embedded\4.8 2014q1\arm-none-eabi\lib\armv7e-m\libc.a(lib_a-memset.o)
                0x0803cc78                memset
 .text._realloc_r
                0x0803cd0c      0x3cc C:\Program Files (x86)\GNU Tools ARM Embedded\4.8 2014q1\arm-none-eabi\lib\armv7e-m\libc.a(lib_a-reallocr.o)
                0x0803cd0c                _realloc_r
 .text          0x0803d0d8       0x2c c:/program files (x86)/gnu tools arm embedded/4.8 2014q1/bin/../lib/gcc/arm-none-eabi/4.8.3/armv7e-m\libgcc.a(_aeabi_uldivmod.o)
                0x0803d0d8                __aeabi_uldivmod
 .text          0x0803d104       0x60 c:/program files (x86)/gnu tools arm embedded/4.8 2014q1/bin/../lib/gcc/arm-none-eabi/4.8.3/armv7e-m\libgcc.a(bpabi.o)
                0x0803d104                __gnu_ldivmod_helper
                0x0803d134                __gnu_uldivmod_helper
 .text          0x0803d164        0x4 c:/program files (x86)/gnu tools arm embedded/4.8 2014q1/bin/../lib/gcc/arm-none-eabi/4.8.3/armv7e-m\libgcc.a(_dvmd_tls.o)
                0x0803d164                __aeabi_idiv0
                0x0803d164                __aeabi_ldiv0
 .text          0x0803d168      0x298 c:/program files (x86)/gnu tools arm embedded/4.8 2014q1/bin/../lib/gcc/arm-none-eabi/4.8.3/armv7e-m\libgcc.a(_divdi3.o)
                0x0803d168                __divdi3
 .text          0x0803d400      0x284 c:/program files (x86)/gnu tools arm embedded/4.8 2014q1/bin/../lib/gcc/arm-none-eabi/4.8.3/armv7e-m\libgcc.a(_udivdi3.o)
                0x0803d400                __udivdi3
 *(.init)
 *(.fini)
 *crtbegin.o(.ctors)
 *crtbegin?.o(.ctors)
 *(EXCLUDE_FILE(*crtend.o *crtend?.o) .ctors)
 *(SORT(.ctors.*))
 *(.ctors)
 *crtbegin.o(.dtors)
 *crtbegin?.o(.dtors)
 *(EXCLUDE_FILE(*crtend.o *crtend?.o) .dtors)
 *(SORT(.dtors.*))
 *(.dtors)
 *(.rodata*)
 .rodata        0x0803d684      0x16c ..\obj\bw_global_var.o
                0x0803d684                RIGHT_FOLLOW
                0x0803d688                LEFT_FOLLOW
                0x0803d68c                TRACER_CALIBRATE_GETRULE
                0x0803d690                TRACER_CALIBRATE_BLACK
                0x0803d694                TRACER_CALIBRATE_WHITE
                0x0803d698                TRACER_CALIBRATE_GRAY
                0x0803d69c                FOLLOW_COLOUR_DISABLE
                0x0803d6a0                FOLLOW_CARPET_ACTIVE
                0x0803d6a4                FOLLOW_TRACER_WHITE
                0x0803d6a8                SOUNDCHECK
                0x0803d6ac                IMU_CMD_SEND_RAW
                0x0803d6b0                TCS_MIDDLE_SHOW_THRESHOLD
                0x0803d6b4                TCS_FRONT_SHOW_THRESHOLD
                0x0803d6b8                TCS_CALIBRATE_GETRULE
                0x0803d6bc                TCS_CALIBRATE_GRAY
                0x0803d6c0                TCS_CALIBRATE_BLACK
                0x0803d6c4                TCS_CALIBRATE_WHITE
                0x0803d6c8                Gyro_Sensitivity_2000s
                0x0803d6cc                Gyro_Sensitivity_1000s
                0x0803d6d0                alpha
                0x0803d6e8                leg_norm
                0x0803d700                leg_1
                0x0803d718                B_const
                0x0803d760                A_const
                0x0803d7a8                REAR_RIGHT_DX_TIBIA
                0x0803d7ac                REAR_RIGHT_DX_FEMUR
                0x0803d7b0                REAR_RIGHT_DX_COXA
                0x0803d7b4                MIDDLE_RIGHT_DX_TIBIA
                0x0803d7b8                MIDDLE_RIGHT_DX_FEMUR
                0x0803d7bc                MIDDLE_RIGHT_DX_COXA
                0x0803d7c0                FRONT_RIGHT_DX_TIBIA
                0x0803d7c4                FRONT_RIGHT_DX_FEMUR
                0x0803d7c8                FRONT_RIGHT_DX_COXA
                0x0803d7cc                REAR_LEFT_DX_TIBIA
                0x0803d7d0                REAR_LEFT_DX_FEMUR
                0x0803d7d4                REAR_LEFT_DX_COXA
                0x0803d7d8                MIDDLE_LEFT_DX_TIBIA
                0x0803d7dc                MIDDLE_LEFT_DX_FEMUR
                0x0803d7e0                MIDDLE_LEFT_DX_COXA
                0x0803d7e4                FRONT_LEFT_DX_TIBIA
                0x0803d7e8                FRONT_LEFT_DX_FEMUR
                0x0803d7ec                FRONT_LEFT_DX_COXA
 .rodata.str1.4
                0x0803d7f0       0x1b ..\obj\bw_dynamixel_ax_12a.o
                                 0x1c (size before relaxing)
 *fill*         0x0803d80b        0x1 
 .rodata.str1.4
                0x0803d80c       0x7c ..\obj\bw_usart_comm.o
 .rodata        0x0803d888       0x10 ..\obj\bw_i2c_lcd.o
 .rodata.str1.4
                0x0803d898      0x14a ..\obj\BW_I2C_EEPROM.o
                                0x154 (size before relaxing)
 *fill*         0x0803d9e2        0x2 
 .rodata.str1.4
                0x0803d9e4      0x48c ..\obj\bw_hexapod_cmd.o
 .rodata.str1.4
                0x0803de70       0xf5 ..\obj\bw_rotary_switch.o
                                 0xf8 (size before relaxing)
 *fill*         0x0803df65        0x3 
 .rodata.str1.4
                0x0803df68      0x22c ..\obj\main.o
                                0x238 (size before relaxing)
 .rodata.str1.4
                0x0803e194      0x128 ..\obj\bw_ping_receiver.o
 .rodata.str1.4
                0x0803e2bc       0xb2 ..\obj\bw_extinguisher.o
                                 0xec (size before relaxing)
 *fill*         0x0803e36e        0x2 
 .rodata.str1.4
                0x0803e370       0x50 ..\obj\bw_bumper.o
                                 0x5c (size before relaxing)
 .rodata.str1.4
                0x0803e3c0     0x1258 ..\obj\bw2017_algorithm.o
                               0x13f4 (size before relaxing)
 .rodata.str1.4
                0x0803f618       0x8d ..\obj\bw_pid_controller.o
                                 0xb0 (size before relaxing)
 .rodata.str1.4
                0x00000000       0x3c ..\obj\bw_utilities.o
 *fill*         0x0803f6a5        0x3 
 .rodata.str1.4
                0x0803f6a8      0x871 ..\obj\bw_dynamixel_hexapod_cmd.o
                                0x8a0 (size before relaxing)
 *fill*         0x0803ff19        0x3 
 .rodata.str1.4
                0x0803ff1c       0x3f ..\obj\bw_tpa_servo.o
                                 0x54 (size before relaxing)
 *fill*         0x0803ff5b        0x1 
 .rodata.str1.4
                0x0803ff5c      0x3f9 ..\obj\bw_cmps11.o
                                0x438 (size before relaxing)
 *fill*         0x08040355        0x3 
 .rodata.str1.4
                0x08040358      0x347 ..\obj\bw_tcs3200_receiver.o
                                0x37c (size before relaxing)
 *fill*         0x0804069f        0x1 
 .rodata.atanlo
                0x080406a0       0x20 C:\Program Files (x86)\GNU Tools ARM Embedded\4.8 2014q1\arm-none-eabi\lib\armv7e-m\libm.a(lib_a-s_atan.o)
 .rodata.atanhi
                0x080406c0       0x20 C:\Program Files (x86)\GNU Tools ARM Embedded\4.8 2014q1\arm-none-eabi\lib\armv7e-m\libm.a(lib_a-s_atan.o)
 .rodata.str1.4
                0x080406e0        0x5 C:\Program Files (x86)\GNU Tools ARM Embedded\4.8 2014q1\arm-none-eabi\lib\armv7e-m\libm.a(lib_a-w_acos.o)
                                  0xc (size before relaxing)
 *fill*         0x080406e5        0x3 
 .rodata.npio2_hw
                0x080406e8       0x80 C:\Program Files (x86)\GNU Tools ARM Embedded\4.8 2014q1\arm-none-eabi\lib\armv7e-m\libm.a(lib_a-e_rem_pio2.o)
 .rodata.two_over_pi
                0x08040768      0x108 C:\Program Files (x86)\GNU Tools ARM Embedded\4.8 2014q1\arm-none-eabi\lib\armv7e-m\libm.a(lib_a-e_rem_pio2.o)
 .rodata.init_jk
                0x08040870       0x10 C:\Program Files (x86)\GNU Tools ARM Embedded\4.8 2014q1\arm-none-eabi\lib\armv7e-m\libm.a(lib_a-k_rem_pio2.o)
 .rodata.PIo2   0x08040880       0x40 C:\Program Files (x86)\GNU Tools ARM Embedded\4.8 2014q1\arm-none-eabi\lib\armv7e-m\libm.a(lib_a-k_rem_pio2.o)
 .rodata.str1.4
                0x00000000        0x5 C:\Program Files (x86)\GNU Tools ARM Embedded\4.8 2014q1\arm-none-eabi\lib\armv7e-m\libc.a(lib_a-impure.o)
                                  0x4 (size before relaxing)
 .rodata.zeroes.6760
                0x080408c0       0x10 C:\Program Files (x86)\GNU Tools ARM Embedded\4.8 2014q1\arm-none-eabi\lib\armv7e-m\libc.a(lib_a-svfprintf.o)
 .rodata.str1.4
                0x080408d0       0x42 C:\Program Files (x86)\GNU Tools ARM Embedded\4.8 2014q1\arm-none-eabi\lib\armv7e-m\libc.a(lib_a-svfprintf.o)
                                 0x44 (size before relaxing)
 *fill*         0x08040912        0x2 
 .rodata.blanks.6759
                0x08040914       0x10 C:\Program Files (x86)\GNU Tools ARM Embedded\4.8 2014q1\arm-none-eabi\lib\armv7e-m\libc.a(lib_a-svfprintf.o)
 .rodata.str1.4
                0x08040924       0x10 C:\Program Files (x86)\GNU Tools ARM Embedded\4.8 2014q1\arm-none-eabi\lib\armv7e-m\libc.a(lib_a-dtoa.o)
                                 0x14 (size before relaxing)
 .rodata.str1.4
                0x08040934        0x8 C:\Program Files (x86)\GNU Tools ARM Embedded\4.8 2014q1\arm-none-eabi\lib\armv7e-m\libc.a(lib_a-locale.o)
                                 0x14 (size before relaxing)
 *fill*         0x0804093c        0x4 
 .rodata.__mprec_tens
                0x08040940       0xc8 C:\Program Files (x86)\GNU Tools ARM Embedded\4.8 2014q1\arm-none-eabi\lib\armv7e-m\libc.a(lib_a-mprec.o)
                0x08040940                __mprec_tens
 .rodata.__mprec_bigtens
                0x08040a08       0x28 C:\Program Files (x86)\GNU Tools ARM Embedded\4.8 2014q1\arm-none-eabi\lib\armv7e-m\libc.a(lib_a-mprec.o)
                0x08040a08                __mprec_bigtens
 .rodata.p05.5266
                0x08040a30        0xc C:\Program Files (x86)\GNU Tools ARM Embedded\4.8 2014q1\arm-none-eabi\lib\armv7e-m\libc.a(lib_a-mprec.o)
 *(.eh_fram e*)

.glue_7         0x08040a3c        0x0
 .glue_7        0x00000000        0x0 linker stubs

.glue_7t        0x08040a3c        0x0
 .glue_7t       0x00000000        0x0 linker stubs

.vfp11_veneer   0x08040a3c        0x0
 .vfp11_veneer  0x00000000        0x0 linker stubs

.v4_bx          0x08040a3c        0x0
 .v4_bx         0x00000000        0x0 linker stubs

.iplt           0x08040a3c        0x0
 .iplt          0x00000000        0x0 ..\obj\bw_articulated_manipulator.o

.ARM.extab
 *(.ARM.extab* .gnu.linkonce.armextab.*)
                0x08040a3c                __exidx_start = .

.ARM.exidx      0x08040a3c        0x8
 *(.ARM.exidx* .gnu.linkonce.armexidx.*)
 .ARM.exidx     0x08040a3c        0x8 c:/program files (x86)/gnu tools arm embedded/4.8 2014q1/bin/../lib/gcc/arm-none-eabi/4.8.3/armv7e-m\libgcc.a(_divdi3.o)
 .ARM.exidx     0x08040a44        0x0 c:/program files (x86)/gnu tools arm embedded/4.8 2014q1/bin/../lib/gcc/arm-none-eabi/4.8.3/armv7e-m\libgcc.a(_udivdi3.o)
                                  0x8 (size before relaxing)
                0x08040a44                __exidx_end = .
                0x08040a44                __etext = .
                0x08040a44                _sidata = __etext

.rel.dyn        0x08040a44        0x0
 .rel.iplt      0x00000000        0x0 ..\obj\bw_articulated_manipulator.o

.data           0x20000000     0x1054 load address 0x08040a44
                0x20000000                __data_start__ = .
                0x20000000                _sdata = __data_start__
 *(vtable)
 *(.data*)
 .data          0x20000000      0x7b8 ..\obj\bw_global_var.o
                0x20000000                Dynamx_LinkTibia
                0x20000004                Dynamx_LinkFemur
                0x20000008                ROOM1A_SP_MIDDLE_FLAG
                0x2000000c                FIREROOM_R1A_ACTIVE
                0x20000010                FIREROOM_R4AB_ACTIVE
                0x20000014                ROOM4AB_ACTIVE
                0x20000018                R4B_THRESHOLD
                0x2000001c                R4A_THRESHOLD
                0x20000020                R3_R4B_THRESHOLD_MIDDLE
                0x20000024                R2_THRESHOLD
                0x20000028                R1A_THRESHOLD
                0x2000002c                R1A_R4A_THRESHOLD_MIDDLE
                0x20000030                R1C_THRESHOLD
                0x20000034                R1B_THRESHOLD
                0x20000038                Fuzzy_FKR_SP
                0x2000003c                angel_high
                0x20000040                angel_med_high
                0x20000044                angel_medium
                0x20000048                angel_med_low
                0x2000004c                speed_fast
                0x20000050                speed_med_fast
                0x20000054                speed_medium
                0x20000058                speed_med_slow
                0x2000005c                speed_slow
                0x20000060                CAT_MIN_RANGE
                0x20000064                R4B_RETURN
                0x20000068                R4A_RETURN
                0x2000006c                FOUR_WAY_INV
                0x20000070                ROOM_1C_DETECT_NAV
                0x20000074                ROOM_1B_DETECT_NAV
                0x20000078                ROOM_4B_DETECT_IN
                0x2000007c                ROOM_4A_DETECT_IN
                0x20000080                ROOM_1C_DETECT
                0x20000084                ROOM_1B_DETECT
                0x20000088                ROOM_4B_DETECT
                0x2000008c                ROOM_4A_DETECT
                0x20000090                ROOM_1A_RETURN
                0x20000094                START_MID_CORRECTION
                0x20000098                ROOM_4B_TURN_CORRECTION
                0x2000009c                ROOM_1A_CORRECTION
                0x200000a0                ROOM_2_1BC_CORRECTION
                0x200000a4                FOUR_WAY_CORRECTION
                0x200000a8                ROOM_1A_RETURN_MANUAL
                0x200000ac                START_MID_MANUAL
                0x200000b0                EAST_THRESHOLD_MIDDLE
                0x200000b4                EAST_THRESHOLD_LOWER
                0x200000b8                EAST_THRESHOLD_UPPER
                0x200000bc                SOUTH_THRESHOLD_MIDDLE
                0x200000c0                SOUTH_THRESHOLD_LOWER
                0x200000c4                SOUTH_THRESHOLD_UPPER
                0x200000c8                WEST_THRESHOLD_MIDDLE
                0x200000cc                WEST_THRESHOLD_LOWER
                0x200000d0                WEST_THRESHOLD_UPPER
                0x200000d4                NORTH_THRESHOLD_MIDDLE
                0x200000d8                NORTH_THRESHOLD_LOWER
                0x200000dc                NORTH_THRESHOLD_UPPER
                0x200000e0                TRESH_LOWER
                0x200000e4                TRESH_UPPER
                0x200000e8                CMPS_ACTIVE
                0x200000ec                REVERSEFLAG_ACTIVE
                0x200000f0                TURN_RIGHT
                0x200000f4                TURN_LEFT
                0x200000f8                SHIFT_ALGORITHM_ACTIVE
                0x200000fc                SP_ROUTE_ACTIVE
                0x20000100                R4ATO3_SP_ACTIVE
                0x20000104                R2TO4A_SP_ACTIVE
                0x20000108                ROOM4A_CAT_AVOIDER_ACTIVE
                0x2000010c                ROOM1A_SP_EXIT_FLAG_ACTIVE
                0x20000110                ROOM4BFLAG_EXIT_ACTIVE
                0x20000114                ROOM4BFLAG_ACTIVE
                0x20000118                ROOM4AFLAG_ACTIVE
                0x2000011c                ROOM4FLAG_ACTIVE
                0x20000120                ROOM2BFLAG_ACTIVE
                0x20000124                ROOM1BCFLAG_ACTIVE
                0x20000128                ROOM1FLAG_ACTIVE
                0x2000012c                KIRI
                0x20000130                KANAN
                0x20000134                KIRI_BELAKANG
                0x20000138                KANAN_BELAKANG
                0x2000013c                FLAME
                0x20000140                EXIT_ACTIVE
                0x20000144                SP_FIRE_ACTIVE
                0x20000148                FOLLOWTRACER_ENABLE
                0x2000014c                NO_FOLLOW
                0x20000150                TRACER_GRAY
                0x20000154                TRACER_WHITE
                0x20000158                TRC_BMP_ACTIVE
                0x2000015c                POJOK
                0x20000160                TENGAH
                0x20000164                GRAY_ROOM
                0x20000168                NORMAL_ROOM
                0x2000016c                ROOM_4B
                0x20000170                ROOM_4A
                0x20000174                ROOM_3
                0x20000178                ROOM_2B
                0x2000017c                ROOM_2A
                0x20000180                ROOM_1C
                0x20000184                ROOM_1B
                0x20000188                ROOM_1A
                0x2000018c                ROOM
                0x200001a4                CMD_TRACER_COPY_DATA
                0x200001a8                CMD_GET_TRACER
                0x200001ac                CMD_GET_TCS3200
                0x200001b0                HYBRID_CMD_SEND_THRESHOLD
                0x200001b4                BW_SOUND_ACTIVATED
                0x200001b8                TCS_CMD_SAVE_EEPROM
                0x200001bc                TCS_CMD_SEND_CONCLUSION
                0x200001c0                TRACER_CMD_SEND_RAW
                0x200001c4                TCS_CMD_SEND_RAW
                0x200001c8                CMD_IDLE
                0x200001cc                CMD_COMPLETED
                0x200001d0                BUTTON_B
                0x200001d4                BUTTON_A
                0x200001d8                CALIBRATION_MODE
                0x200001dc                TRIAL_MODE
                0x200001e0                DUMMY_DATA_G
                0x200001e4                DUMMY_DATA_A
                0x200001e8                MIDDLE_PREVIOUS
                0x200001ec                MIDDLE_PRESENT
                0x200001f0                FRONT_PREVIOUS
                0x200001f4                ENABLE_UV2
                0x200001f8                ENABLE_UV1
                0x200001fc                BAUD_38400
                0x20000200                BAUD_19200
                0x20000204                RESTORE_3
                0x20000208                RESTORE_2
                0x2000020c                RESTORE_1
                0x20000210                CALIBRATE_EXIT
                0x20000214                CALIBRATE_BYTE_3_FLAT
                0x20000218                CALIBRATE_BYTE_3_FULL
                0x2000021c                CALIBRATE_BYTE_2
                0x20000220                CALIBRATE_BYTE_1
                0x20000224                GET_ALL
                0x20000228                GET_TEMP
                0x2000022c                GET_GYRO_RAW
                0x20000230                GET_ACCEL_RAW
                0x20000234                GET_MAG_RAW
                0x20000238                GET_ROLL_NO_KF
                0x2000023c                GET_PITCH_NO_KF
                0x20000240                GET_ROLL
                0x20000244                GET_PITCH
                0x20000248                GET_ANGLE_16_BIT
                0x2000024c                GET_ANGLE_8_BIT
                0x20000250                GET_VERSION
                0x20000254                FOLLOW_CARPET_ESCAPE_TRAP
                0x20000258                FOLLOW_CARPET_ENABLED
                0x2000025c                VAR_DOOR_SCAN
                0x20000260                VAR_DOOR_DETECTED
                0x20000264                WARZONE
                0x20000268                ROOM_ONE
                0x2000026c                OTHER_ROOM
                0x20000270                PREVIOUS_ROOM
                0x20000274                ROOM_FLAG
                0x2000027c                SPECIAL_CONDITION_ENABLED
                0x20000280                ENEMY_ZONE
                0x20000284                STEALFIRE_FAILED
                0x20000288                STEALFIRE_SUCCESS
                0x2000028c                CROSSING_FAILED
                0x20000290                CROSSING_SUCCESS
                0x20000294                CROSS_ENABLED
                0x20000298                FOLLOWHOME_ACTIVE
                0x2000029c                HOME_CIRCLE_DETECTED
                0x200002a0                CALIBRATION_STAT
                0x200002a4                TEST
                0x200002a8                GRAVITY
                0x200002b0                PI
                0x200002b8                Gyro_Sensitivity_500s
                0x200002bc                MPU6050_ACCEL_CONFIG
                0x200002c0                MPU6050_GYRO_CONFIG
                0x200002c4                MPU6050_PWR_MGMT_1
                0x200002c8                correct
                0x20000310                sudut
                0x20000358                IKPIDR_TIBIA_R
                0x20000364                IKPIDR_COXA_R
                0x20000370                IKCRVLR_TIBIA_R
                0x2000037c                IKCRVLR_COXA_R
                0x20000388                IKCRVLR_TIBIA_L
                0x20000394                IKCRVLR_COXA_L
                0x200003a0                IKPIDR_TIBIA_L
                0x200003ac                IKPIDR_COXA_L
                0x200003b8                IKCRVRR_TIBIA_R
                0x200003c4                IKCRVRR_COXA_R
                0x200003d0                IKCRVRR_TIBIA_L
                0x200003dc                IKCRVRR_COXA_L
                0x200003e8                IKBWD_TIBIA_L
                0x200003f4                IKBWD_COXA_L
                0x20000400                IKBWD_TIBIA_R
                0x2000040c                IKBWD_COXA_R
                0x20000418                IKSLL_TIBIA2
                0x20000428                IKSLL_COXA2
                0x20000434                IKSLL_TIBIA1
                0x20000444                IKSLL_COXA1
                0x20000450                IKSLL_TIBIA
                0x20000460                IKSLL_COXA
                0x2000046c                IKLPID_TIBIA_L2
                0x20000478                IKLPID_COXA_L2
                0x20000484                IKCRVL_TIBIA_L2
                0x20000490                IKCRVL_COXA_L2
                0x2000049c                IKCRVL_TIBIA_R2