Archive member included to satisfy reference by file (symbol)

c:/program files (x86)/gnu tools arm embedded/5.4 2016q3/bin/../lib/gcc/arm-none-eabi/5.4.1/armv7-m\libgcc.a(_arm_addsubdf3.o)
                              ..\obj\adc_comp.o (__aeabi_dsub)
c:/program files (x86)/gnu tools arm embedded/5.4 2016q3/bin/../lib/gcc/arm-none-eabi/5.4.1/armv7-m\libgcc.a(_arm_muldivdf3.o)
                              ..\obj\Init_Ping)).o (__aeabi_dmul)
c:/program files (x86)/gnu tools arm embedded/5.4 2016q3/bin/../lib/gcc/arm-none-eabi/5.4.1/armv7-m\libgcc.a(_arm_cmpdf2.o)
                              ..\obj\i2c_VL53L0X.o (__aeabi_dcmpgt)
c:/program files (x86)/gnu tools arm embedded/5.4 2016q3/bin/../lib/gcc/arm-none-eabi/5.4.1/armv7-m\libgcc.a(_arm_fixunsdfsi.o)
                              ..\obj\Init_Ping)).o (__aeabi_d2uiz)
c:/program files (x86)/gnu tools arm embedded/5.4 2016q3/bin/../lib/gcc/arm-none-eabi/5.4.1/armv7-m\libgcc.a(_arm_truncdfsf2.o)
                              ..\obj\adc_comp.o (__aeabi_d2f)
c:/program files (x86)/gnu tools arm embedded/5.4 2016q3/bin/../lib/gcc/arm-none-eabi/5.4.1/armv7-m\libgcc.a(_arm_addsubsf3.o)
                              ..\obj\adc_comp.o (__aeabi_fadd)
c:/program files (x86)/gnu tools arm embedded/5.4 2016q3/bin/../lib/gcc/arm-none-eabi/5.4.1/armv7-m\libgcc.a(_arm_muldivsf3.o)
                              ..\obj\i2c_VL53L0X.o (__aeabi_fmul)
c:/program files (x86)/gnu tools arm embedded/5.4 2016q3/bin/../lib/gcc/arm-none-eabi/5.4.1/armv7-m\libgcc.a(_arm_cmpsf2.o)
                              ..\obj\i2c_VL53L0X.o (__aeabi_fcmplt)
c:/program files (x86)/gnu tools arm embedded/5.4 2016q3/bin/../lib/gcc/arm-none-eabi/5.4.1/armv7-m\libgcc.a(_arm_fixsfsi.o)
                              ..\obj\adc_comp.o (__aeabi_f2iz)
c:/program files (x86)/gnu tools arm embedded/5.4 2016q3/bin/../lib/gcc/arm-none-eabi/5.4.1/armv7-m\libgcc.a(_arm_fixunssfsi.o)
                              ..\obj\i2c_VL53L0X.o (__aeabi_f2uiz)

Allocating common symbols
Common symbol       size              file

nilai_ADC           0x4               ..\obj\main.o
VL53L0X             0x14              ..\obj\i2c_VL53L0X.o
distance            0x8               ..\obj\delay.o
kiri                0x4               ..\obj\main.o
adc_value           0x4               ..\obj\delay.o
ADC_InitStructure   0x14              ..\obj\adc_comp.o
CAT_DATA            0x1               ..\obj\delay.o
I2C_InitStructure   0x10              ..\obj\delay.o
time_us             0x4               ..\obj\delay.o
TIM_InitStructure   0xa               ..\obj\delay.o
GPIO_InitStructure  0x4               ..\obj\delay.o
USART_InitStructure
                    0x10              ..\obj\delay.o
Sharp               0x4               ..\obj\delay.o
UV_DATA             0x1               ..\obj\delay.o
kanan               0x4               ..\obj\main.o
NVIC_InitStructure  0x4               ..\obj\delay.o
time_out_flag       0x4               ..\obj\delay.o

Discarded input sections

 .text          0x00000000        0x0 ..\obj\delay.o
 .data          0x00000000        0x0 ..\obj\delay.o
 .text          0x00000000        0x0 ..\obj\stm32f10x_tim.o
 .data          0x00000000        0x0 ..\obj\stm32f10x_tim.o
 .bss           0x00000000        0x0 ..\obj\stm32f10x_tim.o
 .text.TIM_DeInit
                0x00000000      0x22c ..\obj\stm32f10x_tim.o
 .text.TIM_OC1Init
                0x00000000      0x118 ..\obj\stm32f10x_tim.o
 .text.TIM_OC2Init
                0x00000000      0x110 ..\obj\stm32f10x_tim.o
 .text.TIM_OC3Init
                0x00000000      0x10c ..\obj\stm32f10x_tim.o
 .text.TIM_OC4Init
                0x00000000       0xd0 ..\obj\stm32f10x_tim.o
 .text.TIM_ICInit
                0x00000000       0xa8 ..\obj\stm32f10x_tim.o
 .text.TIM_PWMIConfig
                0x00000000       0xb8 ..\obj\stm32f10x_tim.o
 .text.TIM_BDTRConfig
                0x00000000       0x50 ..\obj\stm32f10x_tim.o
 .text.TIM_TimeBaseStructInit
                0x00000000       0x34 ..\obj\stm32f10x_tim.o
 .text.TIM_OCStructInit
                0x00000000       0x44 ..\obj\stm32f10x_tim.o
 .text.TIM_ICStructInit
                0x00000000       0x30 ..\obj\stm32f10x_tim.o
 .text.TIM_BDTRStructInit
                0x00000000       0x3c ..\obj\stm32f10x_tim.o
 .text.TIM_CtrlPWMOutputs
                0x00000000       0x4c ..\obj\stm32f10x_tim.o
 .text.TIM_ITConfig
                0x00000000       0x48 ..\obj\stm32f10x_tim.o
 .text.TIM_GenerateEvent
                0x00000000       0x1c ..\obj\stm32f10x_tim.o
 .text.TIM_DMAConfig
                0x00000000       0x28 ..\obj\stm32f10x_tim.o
 .text.TIM_DMACmd
                0x00000000       0x48 ..\obj\stm32f10x_tim.o
 .text.TIM_InternalClockConfig
                0x00000000       0x24 ..\obj\stm32f10x_tim.o
 .text.TIM_ITRxExternalClockConfig
                0x00000000       0x30 ..\obj\stm32f10x_tim.o
 .text.TIM_TIxExternalClockConfig
                0x00000000       0x5c ..\obj\stm32f10x_tim.o
 .text.TIM_ETRClockMode1Config
                0x00000000       0x60 ..\obj\stm32f10x_tim.o
 .text.TIM_ETRClockMode2Config
                0x00000000       0x40 ..\obj\stm32f10x_tim.o
 .text.TIM_ETRConfig
                0x00000000       0x54 ..\obj\stm32f10x_tim.o
 .text.TIM_PrescalerConfig
                0x00000000       0x28 ..\obj\stm32f10x_tim.o
 .text.TIM_CounterModeConfig
                0x00000000       0x38 ..\obj\stm32f10x_tim.o
 .text.TIM_SelectInputTrigger
                0x00000000       0x38 ..\obj\stm32f10x_tim.o
 .text.TIM_EncoderInterfaceConfig
                0x00000000       0x98 ..\obj\stm32f10x_tim.o
 .text.TIM_ForcedOC1Config
                0x00000000       0x38 ..\obj\stm32f10x_tim.o
 .text.TIM_ForcedOC2Config
                0x00000000       0x3c ..\obj\stm32f10x_tim.o
 .text.TIM_ForcedOC3Config
                0x00000000       0x38 ..\obj\stm32f10x_tim.o
 .text.TIM_ForcedOC4Config
                0x00000000       0x3c ..\obj\stm32f10x_tim.o
 .text.TIM_ARRPreloadConfig
                0x00000000       0x40 ..\obj\stm32f10x_tim.o
 .text.TIM_SelectCOM
                0x00000000       0x40 ..\obj\stm32f10x_tim.o
 .text.TIM_SelectCCDMA
                0x00000000       0x40 ..\obj\stm32f10x_tim.o
 .text.TIM_CCPreloadControl
                0x00000000       0x40 ..\obj\stm32f10x_tim.o
 .text.TIM_OC1PreloadConfig
                0x00000000       0x38 ..\obj\stm32f10x_tim.o
 .text.TIM_OC2PreloadConfig
                0x00000000       0x3c ..\obj\stm32f10x_tim.o
 .text.TIM_OC3PreloadConfig
                0x00000000       0x38 ..\obj\stm32f10x_tim.o
 .text.TIM_OC4PreloadConfig
                0x00000000       0x3c ..\obj\stm32f10x_tim.o
 .text.TIM_OC1FastConfig
                0x00000000       0x38 ..\obj\stm32f10x_tim.o
 .text.TIM_OC2FastConfig
                0x00000000       0x3c ..\obj\stm32f10x_tim.o
 .text.TIM_OC3FastConfig
                0x00000000       0x38 ..\obj\stm32f10x_tim.o
 .text.TIM_OC4FastConfig
                0x00000000       0x3c ..\obj\stm32f10x_tim.o
 .text.TIM_ClearOC1Ref
                0x00000000       0x38 ..\obj\stm32f10x_tim.o
 .text.TIM_ClearOC2Ref
                0x00000000       0x3c ..\obj\stm32f10x_tim.o
 .text.TIM_ClearOC3Ref
                0x00000000       0x38 ..\obj\stm32f10x_tim.o
 .text.TIM_ClearOC4Ref
                0x00000000       0x3c ..\obj\stm32f10x_tim.o
 .text.TIM_OC1PolarityConfig
                0x00000000       0x38 ..\obj\stm32f10x_tim.o
 .text.TIM_OC1NPolarityConfig
                0x00000000       0x38 ..\obj\stm32f10x_tim.o
 .text.TIM_OC2PolarityConfig
                0x00000000       0x3c ..\obj\stm32f10x_tim.o
 .text.TIM_OC2NPolarityConfig
                0x00000000       0x3c ..\obj\stm32f10x_tim.o
 .text.TIM_OC3PolarityConfig
                0x00000000       0x3c ..\obj\stm32f10x_tim.o
 .text.TIM_OC3NPolarityConfig
                0x00000000       0x3c ..\obj\stm32f10x_tim.o
 .text.TIM_OC4PolarityConfig
                0x00000000       0x3c ..\obj\stm32f10x_tim.o
 .text.TIM_CCxCmd
                0x00000000       0x54 ..\obj\stm32f10x_tim.o
 .text.TIM_CCxNCmd
                0x00000000       0x54 ..\obj\stm32f10x_tim.o
 .text.TIM_SelectOCxM
                0x00000000       0xac ..\obj\stm32f10x_tim.o
 .text.TIM_UpdateDisableConfig
                0x00000000       0x40 ..\obj\stm32f10x_tim.o
 .text.TIM_UpdateRequestConfig
                0x00000000       0x40 ..\obj\stm32f10x_tim.o
 .text.TIM_SelectHallSensor
                0x00000000       0x40 ..\obj\stm32f10x_tim.o
 .text.TIM_SelectOnePulseMode
                0x00000000       0x38 ..\obj\stm32f10x_tim.o
 .text.TIM_SelectOutputTrigger
                0x00000000       0x38 ..\obj\stm32f10x_tim.o
 .text.TIM_SelectSlaveMode
                0x00000000       0x38 ..\obj\stm32f10x_tim.o
 .text.TIM_SelectMasterSlaveMode
                0x00000000       0x38 ..\obj\stm32f10x_tim.o
 .text.TIM_SetCounter
                0x00000000       0x1c ..\obj\stm32f10x_tim.o
 .text.TIM_SetAutoreload
                0x00000000       0x1c ..\obj\stm32f10x_tim.o
 .text.TIM_SetCompare1
                0x00000000       0x1c ..\obj\stm32f10x_tim.o
 .text.TIM_SetCompare2
                0x00000000       0x1c ..\obj\stm32f10x_tim.o
 .text.TIM_SetCompare3
                0x00000000       0x1c ..\obj\stm32f10x_tim.o
 .text.TIM_SetCompare4
                0x00000000       0x20 ..\obj\stm32f10x_tim.o
 .text.TIM_SetIC1Prescaler
                0x00000000       0x38 ..\obj\stm32f10x_tim.o
 .text.TIM_SetIC2Prescaler
                0x00000000       0x3c ..\obj\stm32f10x_tim.o
 .text.TIM_SetIC3Prescaler
                0x00000000       0x38 ..\obj\stm32f10x_tim.o
 .text.TIM_SetIC4Prescaler
                0x00000000       0x3c ..\obj\stm32f10x_tim.o
 .text.TIM_SetClockDivision
                0x00000000       0x38 ..\obj\stm32f10x_tim.o
 .text.TIM_GetCapture1
                0x00000000       0x18 ..\obj\stm32f10x_tim.o
 .text.TIM_GetCapture2
                0x00000000       0x18 ..\obj\stm32f10x_tim.o
 .text.TIM_GetCapture3
                0x00000000       0x18 ..\obj\stm32f10x_tim.o
 .text.TIM_GetCapture4
                0x00000000       0x1c ..\obj\stm32f10x_tim.o
 .text.TIM_GetCounter
                0x00000000       0x18 ..\obj\stm32f10x_tim.o
 .text.TIM_GetPrescaler
                0x00000000       0x18 ..\obj\stm32f10x_tim.o
 .text.TIM_GetFlagStatus
                0x00000000       0x38 ..\obj\stm32f10x_tim.o
 .text.TIM_ClearFlag
                0x00000000       0x20 ..\obj\stm32f10x_tim.o
 .text.TIM_GetITStatus
                0x00000000       0x54 ..\obj\stm32f10x_tim.o
 .text.TIM_ClearITPendingBit
                0x00000000       0x20 ..\obj\stm32f10x_tim.o
 .text.TI1_Config
                0x00000000       0xe0 ..\obj\stm32f10x_tim.o
 .text.TI2_Config
                0x00000000       0xf4 ..\obj\stm32f10x_tim.o
 .text.TI3_Config
                0x00000000       0xec ..\obj\stm32f10x_tim.o
 .text.TI4_Config
                0x00000000       0xf8 ..\obj\stm32f10x_tim.o
 .text          0x00000000        0x0 ..\obj\Init_Ping)).o
 .data          0x00000000        0x0 ..\obj\Init_Ping)).o
 .bss           0x00000000        0x0 ..\obj\Init_Ping)).o
 .text.UV_GPIO_Init
                0x00000000       0x34 ..\obj\Init_Ping)).o
 .text.IR_CAT_Init
                0x00000000       0x34 ..\obj\Init_Ping)).o
 .text.GPIO_driver_motor
                0x00000000       0x34 ..\obj\Init_Ping)).o
 .text          0x00000000        0x0 ..\obj\system_stm32f10x.o
 .bss           0x00000000        0x0 ..\obj\system_stm32f10x.o
 .text          0x00000000        0x0 ..\obj\i2c_VL53L0X.o
 .data          0x00000000        0x0 ..\obj\i2c_VL53L0X.o
 .bss           0x00000000        0x2 ..\obj\i2c_VL53L0X.o
 .text.setup    0x00000000       0x1c ..\obj\i2c_VL53L0X.o
 .text.tof_setting
                0x00000000       0x20 ..\obj\i2c_VL53L0X.o
 .text.I2C1_setting
                0x00000000       0x78 ..\obj\i2c_VL53L0X.o
 .text.GPIO_setting
                0x00000000       0x40 ..\obj\i2c_VL53L0X.o
 .text.VL53L0X_setAddress
                0x00000000       0x2c ..\obj\i2c_VL53L0X.o
 .text.VL53L0X_init
                0x00000000      0x4a4 ..\obj\i2c_VL53L0X.o
 .text.VL53L0X_writeReg
                0x00000000       0xb4 ..\obj\i2c_VL53L0X.o
 .text.VL53L0X_writeReg16Bit
                0x00000000       0xe0 ..\obj\i2c_VL53L0X.o
 .text.VL53L0X_writeReg32Bit
                0x00000000       0xdc ..\obj\i2c_VL53L0X.o
 .text.VL53L0X_readReg
                0x00000000      0x148 ..\obj\i2c_VL53L0X.o
 .text.VL53L0X_readReg16Bit
                0x00000000      0x178 ..\obj\i2c_VL53L0X.o
 .text.VL53L0X_readReg32Bit
                0x00000000      0x16c ..\obj\i2c_VL53L0X.o
 .text.VL53L0X_writeMulti
                0x00000000       0xd8 ..\obj\i2c_VL53L0X.o
 .text.VL53L0X_readMulti
                0x00000000      0x160 ..\obj\i2c_VL53L0X.o
 .text.VL53L0X_setSignalRateLimit
                0x00000000       0x68 ..\obj\i2c_VL53L0X.o
 .text.VL53L0X_getSignalRateLimit
                0x00000000       0x24 ..\obj\i2c_VL53L0X.o
 .text.VL53L0X_setMeasurementTimingBudget
                0x00000000      0x130 ..\obj\i2c_VL53L0X.o
 .text.VL53L0X_getMeasurementTimingBudget
                0x00000000       0xc4 ..\obj\i2c_VL53L0X.o
 .text.VL53L0X_setVcselPulsePeriod
                0x00000000      0x29c ..\obj\i2c_VL53L0X.o
 .text.VL53L0X_getVcselPulsePeriod
                0x00000000       0x48 ..\obj\i2c_VL53L0X.o
 .text.VL53L0X_startContinuous
                0x00000000       0x8c ..\obj\i2c_VL53L0X.o
 .text.VL53L0X_stopContinuous
                0x00000000       0x38 ..\obj\i2c_VL53L0X.o
 .text.VL53L0X_readRangeContinuousMillimeters
                0x00000000       0x40 ..\obj\i2c_VL53L0X.o
 .text.VL53L0X_readRangeSingleMillimeters
                0x00000000       0x70 ..\obj\i2c_VL53L0X.o
 .text.VL53L0X_timeoutOccurred
                0x00000000       0x24 ..\obj\i2c_VL53L0X.o
 .text.VL53L0X_getSpadInfo
                0x00000000      0x100 ..\obj\i2c_VL53L0X.o
 .text.VL53L0X_getSequenceStepEnables
                0x00000000       0x94 ..\obj\i2c_VL53L0X.o
 .text.VL53L0X_getSequenceStepTimeouts
                0x00000000       0xcc ..\obj\i2c_VL53L0X.o
 .text.VL53L0X_decodeTimeout
                0x00000000       0x28 ..\obj\i2c_VL53L0X.o
 .text.VL53L0X_encodeTimeout
                0x00000000       0x58 ..\obj\i2c_VL53L0X.o
 .text.VL53L0X_timeoutMclksToMicroseconds
                0x00000000       0x50 ..\obj\i2c_VL53L0X.o
 .text.VL53L0X_timeoutMicrosecondsToMclks
                0x00000000       0x4c ..\obj\i2c_VL53L0X.o
 .text.VL53L0X_performSingleRefCalibration
                0x00000000       0x50 ..\obj\i2c_VL53L0X.o
 .debug_info    0x00000000     0x1250 ..\obj\i2c_VL53L0X.o
 .debug_abbrev  0x00000000      0x2c8 ..\obj\i2c_VL53L0X.o
 .debug_aranges
                0x00000000      0x120 ..\obj\i2c_VL53L0X.o
 .debug_ranges  0x00000000      0x110 ..\obj\i2c_VL53L0X.o
 .debug_line    0x00000000      0x96e ..\obj\i2c_VL53L0X.o
 .debug_str     0x00000000     0x168f ..\obj\i2c_VL53L0X.o
 .comment       0x00000000       0x6f ..\obj\i2c_VL53L0X.o
 .debug_frame   0x00000000      0x4a0 ..\obj\i2c_VL53L0X.o
 .ARM.attributes
                0x00000000       0x33 ..\obj\i2c_VL53L0X.o
 COMMON         0x00000000       0x14 ..\obj\i2c_VL53L0X.o
 .text          0x00000000        0x0 ..\obj\startup_stm32f10x_md.o
 .data          0x00000000        0x0 ..\obj\startup_stm32f10x_md.o
 .bss           0x00000000        0x0 ..\obj\startup_stm32f10x_md.o
 .text          0x00000000        0x0 ..\obj\stm32f10x_gpio.o
 .data          0x00000000        0x0 ..\obj\stm32f10x_gpio.o
 .bss           0x00000000        0x0 ..\obj\stm32f10x_gpio.o
 .text.GPIO_DeInit
                0x00000000       0xe4 ..\obj\stm32f10x_gpio.o
 .text.GPIO_AFIODeInit
                0x00000000       0x18 ..\obj\stm32f10x_gpio.o
 .text.GPIO_StructInit
                0x00000000       0x28 ..\obj\stm32f10x_gpio.o
 .text.GPIO_ReadInputData
                0x00000000       0x18 ..\obj\stm32f10x_gpio.o
 .text.GPIO_ReadOutputDataBit
                0x00000000       0x34 ..\obj\stm32f10x_gpio.o
 .text.GPIO_ReadOutputData
                0x00000000       0x18 ..\obj\stm32f10x_gpio.o
 .text.GPIO_WriteBit
                0x00000000       0x30 ..\obj\stm32f10x_gpio.o
 .text.GPIO_Write
                0x00000000       0x1c ..\obj\stm32f10x_gpio.o
 .text.GPIO_PinLockConfig
                0x00000000       0x44 ..\obj\stm32f10x_gpio.o
 .text.GPIO_EventOutputConfig
                0x00000000       0x4c ..\obj\stm32f10x_gpio.o
 .text.GPIO_EventOutputCmd
                0x00000000       0x20 ..\obj\stm32f10x_gpio.o
 .text.GPIO_PinRemapConfig
                0x00000000       0xe0 ..\obj\stm32f10x_gpio.o
 .text.GPIO_EXTILineConfig
                0x00000000       0x84 ..\obj\stm32f10x_gpio.o
 .text.GPIO_ETH_MediaInterfaceConfig
                0x00000000       0x1c ..\obj\stm32f10x_gpio.o
 .text          0x00000000        0x0 ..\obj\main.o
 .bss           0x00000000        0x0 ..\obj\main.o
 .text.ClockSetup
                0x00000000       0x70 ..\obj\main.o
 COMMON         0x00000000        0xc ..\obj\main.o
 .text          0x00000000        0x0 ..\obj\stm32f10x_rcc.o
 .bss           0x00000000        0x0 ..\obj\stm32f10x_rcc.o
 .text.RCC_AdjustHSICalibrationValue
                0x00000000       0x3c ..\obj\stm32f10x_rcc.o
 .text.RCC_HSICmd
                0x00000000       0x20 ..\obj\stm32f10x_rcc.o
 .text.RCC_ITConfig
                0x00000000       0x4c ..\obj\stm32f10x_rcc.o
 .text.RCC_USBCLKConfig
                0x00000000       0x1c ..\obj\stm32f10x_rcc.o
 .text.RCC_LSEConfig
                0x00000000       0x40 ..\obj\stm32f10x_rcc.o
 .text.RCC_LSICmd
                0x00000000       0x20 ..\obj\stm32f10x_rcc.o
 .text.RCC_RTCCLKConfig
                0x00000000       0x24 ..\obj\stm32f10x_rcc.o
 .text.RCC_RTCCLKCmd
                0x00000000       0x20 ..\obj\stm32f10x_rcc.o
 .text.RCC_AHBPeriphClockCmd
                0x00000000       0x3c ..\obj\stm32f10x_rcc.o
 .text.RCC_APB2PeriphResetCmd
                0x00000000       0x3c ..\obj\stm32f10x_rcc.o
 .text.RCC_APB1PeriphResetCmd
                0x00000000       0x3c ..\obj\stm32f10x_rcc.o
 .text.RCC_BackupResetCmd
                0x00000000       0x20 ..\obj\stm32f10x_rcc.o
 .text.RCC_ClockSecuritySystemCmd
                0x00000000       0x20 ..\obj\stm32f10x_rcc.o
 .text.RCC_MCOConfig
                0x00000000       0x20 ..\obj\stm32f10x_rcc.o
 .text.RCC_ClearFlag
                0x00000000       0x1c ..\obj\stm32f10x_rcc.o
 .text.RCC_GetITStatus
                0x00000000       0x34 ..\obj\stm32f10x_rcc.o
 .text.RCC_ClearITPendingBit
                0x00000000       0x20 ..\obj\stm32f10x_rcc.o
 .text          0x00000000        0x0 ..\obj\i2c_Pixy.o
 .data          0x00000000        0x0 ..\obj\i2c_Pixy.o
 .bss           0x00000000        0x0 ..\obj\i2c_Pixy.o
 .debug_info    0x00000000      0x459 ..\obj\i2c_Pixy.o
 .debug_abbrev  0x00000000       0xdc ..\obj\i2c_Pixy.o
 .debug_aranges
                0x00000000       0x18 ..\obj\i2c_Pixy.o
 .debug_line    0x00000000      0x254 ..\obj\i2c_Pixy.o
 .debug_str     0x00000000      0x5a7 ..\obj\i2c_Pixy.o
 .comment       0x00000000       0x6f ..\obj\i2c_Pixy.o
 .ARM.attributes
                0x00000000       0x33 ..\obj\i2c_Pixy.o
 .text          0x00000000        0x0 ..\obj\stm32f10x_adc.o
 .data          0x00000000        0x0 ..\obj\stm32f10x_adc.o
 .bss           0x00000000        0x0 ..\obj\stm32f10x_adc.o
 .text.ADC_DeInit
                0x00000000       0x74 ..\obj\stm32f10x_adc.o
 .text.ADC_StructInit
                0x00000000       0x38 ..\obj\stm32f10x_adc.o
 .text.ADC_DMACmd
                0x00000000       0x38 ..\obj\stm32f10x_adc.o
 .text.ADC_ITConfig
                0x00000000       0x44 ..\obj\stm32f10x_adc.o
 .text.ADC_GetSoftwareStartConvStatus
                0x00000000       0x30 ..\obj\stm32f10x_adc.o
 .text.ADC_DiscModeChannelCountConfig
                0x00000000       0x44 ..\obj\stm32f10x_adc.o
 .text.ADC_DiscModeCmd
                0x00000000       0x38 ..\obj\stm32f10x_adc.o
 .text.ADC_ExternalTrigConvCmd
                0x00000000       0x38 ..\obj\stm32f10x_adc.o
 .text.ADC_GetDualModeConversionValue
                0x00000000       0x14 ..\obj\stm32f10x_adc.o
 .text.ADC_AutoInjectedConvCmd
                0x00000000       0x38 ..\obj\stm32f10x_adc.o
 .text.ADC_InjectedDiscModeCmd
                0x00000000       0x38 ..\obj\stm32f10x_adc.o
 .text.ADC_ExternalTrigInjectedConvConfig
                0x00000000       0x34 ..\obj\stm32f10x_adc.o
 .text.ADC_ExternalTrigInjectedConvCmd
                0x00000000       0x38 ..\obj\stm32f10x_adc.o
 .text.ADC_SoftwareStartInjectedConvCmd
                0x00000000       0x38 ..\obj\stm32f10x_adc.o
 .text.ADC_GetSoftwareStartInjectedConvCmdStatus
                0x00000000       0x30 ..\obj\stm32f10x_adc.o
 .text.ADC_InjectedChannelConfig
                0x00000000      0x120 ..\obj\stm32f10x_adc.o
 .text.ADC_InjectedSequencerLengthConfig
                0x00000000       0x44 ..\obj\stm32f10x_adc.o
 .text.ADC_SetInjectedOffset
                0x00000000       0x34 ..\obj\stm32f10x_adc.o
 .text.ADC_GetInjectedConversionValue
                0x00000000       0x30 ..\obj\stm32f10x_adc.o
 .text.ADC_AnalogWatchdogCmd
                0x00000000       0x38 ..\obj\stm32f10x_adc.o
 .text.ADC_AnalogWatchdogThresholdsConfig
                0x00000000       0x28 ..\obj\stm32f10x_adc.o
 .text.ADC_AnalogWatchdogSingleChannelConfig
                0x00000000       0x38 ..\obj\stm32f10x_adc.o
 .text.ADC_TempSensorVrefintCmd
                0x00000000       0x38 ..\obj\stm32f10x_adc.o
 .text.ADC_ClearFlag
                0x00000000       0x20 ..\obj\stm32f10x_adc.o
 .text.ADC_GetITStatus
                0x00000000       0x54 ..\obj\stm32f10x_adc.o
 .text.ADC_ClearITPendingBit
                0x00000000       0x2c ..\obj\stm32f10x_adc.o
 .text          0x00000000        0x0 ..\obj\stm32f10x_usart.o
 .data          0x00000000        0x0 ..\obj\stm32f10x_usart.o
 .bss           0x00000000        0x0 ..\obj\stm32f10x_usart.o
 .text.USART_DeInit
                0x00000000       0xb8 ..\obj\stm32f10x_usart.o
 .text.USART_StructInit
                0x00000000       0x38 ..\obj\stm32f10x_usart.o
 .text.USART_ClockInit
                0x00000000       0x58 ..\obj\stm32f10x_usart.o
 .text.USART_ClockStructInit
                0x00000000       0x2c ..\obj\stm32f10x_usart.o
 .text.USART_ITConfig
                0x00000000       0x90 ..\obj\stm32f10x_usart.o
 .text.USART_DMACmd
                0x00000000       0x48 ..\obj\stm32f10x_usart.o
 .text.USART_SetAddress
                0x00000000       0x38 ..\obj\stm32f10x_usart.o
 .text.USART_WakeUpConfig
                0x00000000       0x38 ..\obj\stm32f10x_usart.o
 .text.USART_ReceiverWakeUpCmd
                0x00000000       0x40 ..\obj\stm32f10x_usart.o
 .text.USART_LINBreakDetectLengthConfig
                0x00000000       0x38 ..\obj\stm32f10x_usart.o
 .text.USART_LINCmd
                0x00000000       0x40 ..\obj\stm32f10x_usart.o
 .text.USART_ReceiveData
                0x00000000       0x20 ..\obj\stm32f10x_usart.o
 .text.USART_SendBreak
                0x00000000       0x24 ..\obj\stm32f10x_usart.o
 .text.USART_SetGuardTime
                0x00000000       0x3c ..\obj\stm32f10x_usart.o
 .text.USART_SetPrescaler
                0x00000000       0x38 ..\obj\stm32f10x_usart.o
 .text.USART_SmartCardCmd
                0x00000000       0x40 ..\obj\stm32f10x_usart.o
 .text.USART_SmartCardNACKCmd
                0x00000000       0x40 ..\obj\stm32f10x_usart.o
 .text.USART_HalfDuplexCmd
                0x00000000       0x40 ..\obj\stm32f10x_usart.o
 .text.USART_OverSampling8Cmd
                0x00000000       0x44 ..\obj\stm32f10x_usart.o
 .text.USART_OneBitMethodCmd
                0x00000000       0x40 ..\obj\stm32f10x_usart.o
 .text.USART_IrDAConfig
                0x00000000       0x38 ..\obj\stm32f10x_usart.o
 .text.USART_IrDACmd
                0x00000000       0x40 ..\obj\stm32f10x_usart.o
 .text.USART_ClearFlag
                0x00000000       0x20 ..\obj\stm32f10x_usart.o
 .text.USART_ClearITPendingBit
                0x00000000       0x38 ..\obj\stm32f10x_usart.o
 .text          0x00000000        0x0 ..\obj\syscalls.o
 .data          0x00000000        0x0 ..\obj\syscalls.o
 .bss           0x00000000        0x4 ..\obj\syscalls.o
 .text._sbrk    0x00000000       0x3c ..\obj\syscalls.o
 .text.link     0x00000000       0x18 ..\obj\syscalls.o
 .text._close   0x00000000       0x18 ..\obj\syscalls.o
 .text._fstat   0x00000000       0x20 ..\obj\syscalls.o
 .text._isatty  0x00000000       0x14 ..\obj\syscalls.o
 .text._lseek   0x00000000       0x18 ..\obj\syscalls.o
 .text._read    0x00000000       0x18 ..\obj\syscalls.o
 .text._write   0x00000000       0x18 ..\obj\syscalls.o
 .text.abort    0x00000000        0x8 ..\obj\syscalls.o
 .debug_info    0x00000000      0x458 ..\obj\syscalls.o
 .debug_abbrev  0x00000000       0xe5 ..\obj\syscalls.o
 .debug_aranges
                0x00000000       0x60 ..\obj\syscalls.o
 .debug_ranges  0x00000000       0x50 ..\obj\syscalls.o
 .debug_line    0x00000000      0x1ec ..\obj\syscalls.o
 .debug_str     0x00000000      0x337 ..\obj\syscalls.o
 .comment       0x00000000       0x6f ..\obj\syscalls.o
 .debug_frame   0x00000000      0x168 ..\obj\syscalls.o
 .ARM.attributes
                0x00000000       0x33 ..\obj\syscalls.o
 .text          0x00000000        0x0 ..\obj\adc_comp.o
 .data          0x00000000        0x0 ..\obj\adc_comp.o
 .bss           0x00000000        0x0 ..\obj\adc_comp.o
 .text.ADC_Config_X
                0x00000000       0x98 ..\obj\adc_comp.o
 .text.ADCInit  0x00000000       0x80 ..\obj\adc_comp.o
 .text.ADC_Calibration
                0x00000000       0x34 ..\obj\adc_comp.o
 .text.ADC1_Read
                0x00000000       0x28 ..\obj\adc_comp.o
 .text.Sharp_Distance_Calc
                0x00000000       0x14 ..\obj\adc_comp.o
 .text          0x00000000        0x0 ..\obj\misc.o
 .data          0x00000000        0x0 ..\obj\misc.o
 .bss           0x00000000        0x0 ..\obj\misc.o
 .text.NVIC_PriorityGroupConfig
                0x00000000       0x24 ..\obj\misc.o
 .text.NVIC_Init
                0x00000000       0xc4 ..\obj\misc.o
 .text.NVIC_SetVectorTable
                0x00000000       0x2c ..\obj\misc.o
 .text.NVIC_SystemLPConfig
                0x00000000       0x40 ..\obj\misc.o
 .text.SysTick_CLKSourceConfig
                0x00000000       0x38 ..\obj\misc.o
 .debug_info    0x00000000      0x556 ..\obj\misc.o
 .debug_abbrev  0x00000000      0x147 ..\obj\misc.o
 .debug_aranges
                0x00000000       0x40 ..\obj\misc.o
 .debug_ranges  0x00000000       0x30 ..\obj\misc.o
 .debug_line    0x00000000      0x23f ..\obj\misc.o
 .debug_str     0x00000000      0x3c4 ..\obj\misc.o
 .comment       0x00000000       0x6f ..\obj\misc.o
 .debug_frame   0x00000000       0xd8 ..\obj\misc.o
 .ARM.attributes
                0x00000000       0x33 ..\obj\misc.o
 .text          0x00000000        0x0 ..\obj\stm32f10x_i2c.o
 .data          0x00000000        0x0 ..\obj\stm32f10x_i2c.o
 .bss           0x00000000        0x0 ..\obj\stm32f10x_i2c.o
 .text.I2C_DeInit
                0x00000000       0x48 ..\obj\stm32f10x_i2c.o
 .text.I2C_Init
                0x00000000      0x184 ..\obj\stm32f10x_i2c.o
 .text.I2C_StructInit
                0x00000000       0x3c ..\obj\stm32f10x_i2c.o
 .text.I2C_Cmd  0x00000000       0x40 ..\obj\stm32f10x_i2c.o
 .text.I2C_DMACmd
                0x00000000       0x40 ..\obj\stm32f10x_i2c.o
 .text.I2C_DMALastTransferCmd
                0x00000000       0x40 ..\obj\stm32f10x_i2c.o
 .text.I2C_GenerateSTART
                0x00000000       0x40 ..\obj\stm32f10x_i2c.o
 .text.I2C_GenerateSTOP
                0x00000000       0x40 ..\obj\stm32f10x_i2c.o
 .text.I2C_AcknowledgeConfig
                0x00000000       0x40 ..\obj\stm32f10x_i2c.o
 .text.I2C_OwnAddress2Config
                0x00000000       0x44 ..\obj\stm32f10x_i2c.o
 .text.I2C_DualAddressCmd
                0x00000000       0x40 ..\obj\stm32f10x_i2c.o
 .text.I2C_GeneralCallCmd
                0x00000000       0x40 ..\obj\stm32f10x_i2c.o
 .text.I2C_ITConfig
                0x00000000       0x48 ..\obj\stm32f10x_i2c.o
 .text.I2C_SendData
                0x00000000       0x20 ..\obj\stm32f10x_i2c.o
 .text.I2C_ReceiveData
                0x00000000       0x1c ..\obj\stm32f10x_i2c.o
 .text.I2C_Send7bitAddress
                0x00000000       0x3c ..\obj\stm32f10x_i2c.o
 .text.I2C_ReadRegister
                0x00000000       0x2c ..\obj\stm32f10x_i2c.o
 .text.I2C_SoftwareResetCmd
                0x00000000       0x44 ..\obj\stm32f10x_i2c.o
 .text.I2C_NACKPositionConfig
                0x00000000       0x40 ..\obj\stm32f10x_i2c.o
 .text.I2C_SMBusAlertConfig
                0x00000000       0x40 ..\obj\stm32f10x_i2c.o
 .text.I2C_TransmitPEC
                0x00000000       0x40 ..\obj\stm32f10x_i2c.o
 .text.I2C_PECPositionConfig
                0x00000000       0x40 ..\obj\stm32f10x_i2c.o
 .text.I2C_CalculatePEC
                0x00000000       0x40 ..\obj\stm32f10x_i2c.o
 .text.I2C_GetPEC
                0x00000000       0x20 ..\obj\stm32f10x_i2c.o
 .text.I2C_ARPCmd
                0x00000000       0x40 ..\obj\stm32f10x_i2c.o
 .text.I2C_StretchClockCmd
                0x00000000       0x40 ..\obj\stm32f10x_i2c.o
 .text.I2C_FastModeDutyCycleConfig
                0x00000000       0x40 ..\obj\stm32f10x_i2c.o
 .text.I2C_CheckEvent
                0x00000000       0x60 ..\obj\stm32f10x_i2c.o
 .text.I2C_GetLastEvent
                0x00000000       0x44 ..\obj\stm32f10x_i2c.o
 .text.I2C_GetFlagStatus
                0x00000000       0x64 ..\obj\stm32f10x_i2c.o
 .text.I2C_ClearFlag
                0x00000000       0x2c ..\obj\stm32f10x_i2c.o
 .text.I2C_GetITStatus
                0x00000000       0x58 ..\obj\stm32f10x_i2c.o
 .text.I2C_ClearITPendingBit
                0x00000000       0x2c ..\obj\stm32f10x_i2c.o
 .debug_info    0x00000000      0xb0c ..\obj\stm32f10x_i2c.o
 .debug_abbrev  0x00000000      0x166 ..\obj\stm32f10x_i2c.o
 .debug_aranges
                0x00000000      0x120 ..\obj\stm32f10x_i2c.o
 .debug_ranges  0x00000000      0x110 ..\obj\stm32f10x_i2c.o
 .debug_line    0x00000000      0x4e1 ..\obj\stm32f10x_i2c.o
 .debug_str     0x00000000      0x66c ..\obj\stm32f10x_i2c.o
 .comment       0x00000000       0x6f ..\obj\stm32f10x_i2c.o
 .debug_frame   0x00000000      0x530 ..\obj\stm32f10x_i2c.o
 .ARM.attributes
                0x00000000       0x33 ..\obj\stm32f10x_i2c.o
 .data          0x00000000        0x0 c:/program files (x86)/gnu tools arm embedded/5.4 2016q3/bin/../lib/gcc/arm-none-eabi/5.4.1/armv7-m\libgcc.a(_arm_addsubdf3.o)
 .bss           0x00000000        0x0 c:/program files (x86)/gnu tools arm embedded/5.4 2016q3/bin/../lib/gcc/arm-none-eabi/5.4.1/armv7-m\libgcc.a(_arm_addsubdf3.o)
 .data          0x00000000        0x0 c:/program files (x86)/gnu tools arm embedded/5.4 2016q3/bin/../lib/gcc/arm-none-eabi/5.4.1/armv7-m\libgcc.a(_arm_muldivdf3.o)
 .bss           0x00000000        0x0 c:/program files (x86)/gnu tools arm embedded/5.4 2016q3/bin/../lib/gcc/arm-none-eabi/5.4.1/armv7-m\libgcc.a(_arm_muldivdf3.o)
 .text          0x00000000      0x110 c:/program files (x86)/gnu tools arm embedded/5.4 2016q3/bin/../lib/gcc/arm-none-eabi/5.4.1/armv7-m\libgcc.a(_arm_cmpdf2.o)
 .data          0x00000000        0x0 c:/program files (x86)/gnu tools arm embedded/5.4 2016q3/bin/../lib/gcc/arm-none-eabi/5.4.1/armv7-m\libgcc.a(_arm_cmpdf2.o)
 .bss           0x00000000        0x0 c:/program files (x86)/gnu tools arm embedded/5.4 2016q3/bin/../lib/gcc/arm-none-eabi/5.4.1/armv7-m\libgcc.a(_arm_cmpdf2.o)
 .ARM.attributes
                0x00000000       0x1d c:/program files (x86)/gnu tools arm embedded/5.4 2016q3/bin/../lib/gcc/arm-none-eabi/5.4.1/armv7-m\libgcc.a(_arm_cmpdf2.o)
 .data          0x00000000        0x0 c:/program files (x86)/gnu tools arm embedded/5.4 2016q3/bin/../lib/gcc/arm-none-eabi/5.4.1/armv7-m\libgcc.a(_arm_fixunsdfsi.o)
 .bss           0x00000000        0x0 c:/program files (x86)/gnu tools arm embedded/5.4 2016q3/bin/../lib/gcc/arm-none-eabi/5.4.1/armv7-m\libgcc.a(_arm_fixunsdfsi.o)
 .data          0x00000000        0x0 c:/program files (x86)/gnu tools arm embedded/5.4 2016q3/bin/../lib/gcc/arm-none-eabi/5.4.1/armv7-m\libgcc.a(_arm_truncdfsf2.o)
 .bss           0x00000000        0x0 c:/program files (x86)/gnu tools arm embedded/5.4 2016q3/bin/../lib/gcc/arm-none-eabi/5.4.1/armv7-m\libgcc.a(_arm_truncdfsf2.o)
 .data          0x00000000        0x0 c:/program files (x86)/gnu tools arm embedded/5.4 2016q3/bin/../lib/gcc/arm-none-eabi/5.4.1/armv7-m\libgcc.a(_arm_addsubsf3.o)
 .bss           0x00000000        0x0 c:/program files (x86)/gnu tools arm embedded/5.4 2016q3/bin/../lib/gcc/arm-none-eabi/5.4.1/armv7-m\libgcc.a(_arm_addsubsf3.o)
 .data          0x00000000        0x0 c:/program files (x86)/gnu tools arm embedded/5.4 2016q3/bin/../lib/gcc/arm-none-eabi/5.4.1/armv7-m\libgcc.a(_arm_muldivsf3.o)
 .bss           0x00000000        0x0 c:/program files (x86)/gnu tools arm embedded/5.4 2016q3/bin/../lib/gcc/arm-none-eabi/5.4.1/armv7-m\libgcc.a(_arm_muldivsf3.o)
 .text          0x00000000       0xec c:/program files (x86)/gnu tools arm embedded/5.4 2016q3/bin/../lib/gcc/arm-none-eabi/5.4.1/armv7-m\libgcc.a(_arm_cmpsf2.o)
 .data          0x00000000        0x0 c:/program files (x86)/gnu tools arm embedded/5.4 2016q3/bin/../lib/gcc/arm-none-eabi/5.4.1/armv7-m\libgcc.a(_arm_cmpsf2.o)
 .bss           0x00000000        0x0 c:/program files (x86)/gnu tools arm embedded/5.4 2016q3/bin/../lib/gcc/arm-none-eabi/5.4.1/armv7-m\libgcc.a(_arm_cmpsf2.o)
 .ARM.attributes
                0x00000000       0x1d c:/program files (x86)/gnu tools arm embedded/5.4 2016q3/bin/../lib/gcc/arm-none-eabi/5.4.1/armv7-m\libgcc.a(_arm_cmpsf2.o)
 .data          0x00000000        0x0 c:/program files (x86)/gnu tools arm embedded/5.4 2016q3/bin/../lib/gcc/arm-none-eabi/5.4.1/armv7-m\libgcc.a(_arm_fixsfsi.o)
 .bss           0x00000000        0x0 c:/program files (x86)/gnu tools arm embedded/5.4 2016q3/bin/../lib/gcc/arm-none-eabi/5.4.1/armv7-m\libgcc.a(_arm_fixsfsi.o)
 .text          0x00000000       0x40 c:/program files (x86)/gnu tools arm embedded/5.4 2016q3/bin/../lib/gcc/arm-none-eabi/5.4.1/armv7-m\libgcc.a(_arm_fixunssfsi.o)
 .data          0x00000000        0x0 c:/program files (x86)/gnu tools arm embedded/5.4 2016q3/bin/../lib/gcc/arm-none-eabi/5.4.1/armv7-m\libgcc.a(_arm_fixunssfsi.o)
 .bss           0x00000000        0x0 c:/program files (x86)/gnu tools arm embedded/5.4 2016q3/bin/../lib/gcc/arm-none-eabi/5.4.1/armv7-m\libgcc.a(_arm_fixunssfsi.o)
 .ARM.attributes
                0x00000000       0x1d c:/program files (x86)/gnu tools arm embedded/5.4 2016q3/bin/../lib/gcc/arm-none-eabi/5.4.1/armv7-m\libgcc.a(_arm_fixunssfsi.o)

Memory Configuration

Name             Origin             Length             Attributes
rom              0x08000000         0x00010000         xr
ram              0x20000000         0x00005000         xrw
*default*        0x00000000         0xffffffff

Linker script and memory map

                0x20005000                _eram = 0x20005000

.text           0x08000000     0x2fe4
 *(.isr_vector)
 .isr_vector    0x08000000      0x10c ..\obj\startup_stm32f10x_md.o
                0x08000000                g_pfnVectors
 *(.text*)
 .text.NVIC_SetPriority
                0x0800010c       0x54 ..\obj\delay.o
 .text.SysTick_Config
                0x08000160       0x44 ..\obj\delay.o
 .text.SysTick_Handler
                0x080001a4       0x24 ..\obj\delay.o
                0x080001a4                SysTick_Handler
 .text.DelayInit
                0x080001c8       0x28 ..\obj\delay.o
                0x080001c8                DelayInit
 .text.DelayUs  0x080001f0       0x28 ..\obj\delay.o
                0x080001f0                DelayUs
 .text.DelayMs  0x08000218       0x24 ..\obj\delay.o
                0x08000218                DelayMs
 .text.TIM_TimeBaseInit
                0x0800023c       0xf8 ..\obj\stm32f10x_tim.o
                0x0800023c                TIM_TimeBaseInit
 .text.TIM_Cmd  0x08000334       0x40 ..\obj\stm32f10x_tim.o
                0x08000334                TIM_Cmd
 .text.PING_Init_OUT
                0x08000374       0x3c ..\obj\Init_Ping)).o
                0x08000374                PING_Init_OUT
 .text.PING_Init_IN
                0x080003b0       0x3c ..\obj\Init_Ping)).o
                0x080003b0                PING_Init_IN
 .text.PING_TIM_Init
                0x080003ec       0x3c ..\obj\Init_Ping)).o
                0x080003ec                PING_TIM_Init
 .text.TIM4_SWITCH
                0x08000428       0x50 ..\obj\Init_Ping)).o
                0x08000428                TIM4_SWITCH
 .text.Pulse    0x08000478       0x4c ..\obj\Init_Ping)).o
                0x08000478                Pulse
 .text.TIM_Reset
                0x080004c4       0x18 ..\obj\Init_Ping)).o
                0x080004c4                TIM_Reset
 .text.TIM4_IRQHandler
                0x080004dc        0xc ..\obj\Init_Ping)).o
                0x080004dc                TIM4_IRQHandler
 .text.USART1_Init
                0x080004e8       0x90 ..\obj\Init_Ping)).o
                0x080004e8                USART1_Init
 .text.USART_Send
                0x08000578       0x40 ..\obj\Init_Ping)).o
                0x08000578                USART_Send
 .text.USART1_IRQHandler
                0x080005b8       0x3c ..\obj\Init_Ping)).o
                0x080005b8                USART1_IRQHandler
 .text.Start_TIM4
                0x080005f4       0x1c ..\obj\Init_Ping)).o
                0x080005f4                Start_TIM4
 .text.timeout  0x08000610       0x40 ..\obj\Init_Ping)).o
                0x08000610                timeout
 .text.PingScan
                0x08000650      0x5f0 ..\obj\Init_Ping)).o
                0x08000650                PingScan
 .text.UV_Read  0x08000c40       0x30 ..\obj\Init_Ping)).o
                0x08000c40                UV_Read
 .text.CAT_READ
                0x08000c70       0x34 ..\obj\Init_Ping)).o
                0x08000c70                CAT_READ
 .text.SystemInit
                0x08000ca4       0x68 ..\obj\system_stm32f10x.o
                0x08000ca4                SystemInit
 .text.SystemCoreClockUpdate
                0x08000d0c       0xd8 ..\obj\system_stm32f10x.o
                0x08000d0c                SystemCoreClockUpdate
 .text.SetSysClock
                0x08000de4        0xc ..\obj\system_stm32f10x.o
 .text.SetSysClockTo72
                0x08000df0      0x100 ..\obj\system_stm32f10x.o
 .text.Default_Reset_Handler
                0x08000ef0       0x60 ..\obj\startup_stm32f10x_md.o
                0x08000ef0                Default_Reset_Handler
                0x08000ef0                Reset_Handler
 .text.Default_Handler
                0x08000f50        0x8 ..\obj\startup_stm32f10x_md.o
                0x08000f50                EXTI2_IRQHandler
                0x08000f50                DebugMon_Handler
                0x08000f50                TIM1_CC_IRQHandler
                0x08000f50                HardFault_Handler
                0x08000f50                PVD_IRQHandler
                0x08000f50                PendSV_Handler
                0x08000f50                NMI_Handler
                0x08000f50                EXTI3_IRQHandler
                0x08000f50                EXTI0_IRQHandler
                0x08000f50                I2C2_EV_IRQHandler
                0x08000f50                UsageFault_Handler
                0x08000f50                ADC1_2_IRQHandler
                0x08000f50                SPI1_IRQHandler
                0x08000f50                TAMPER_IRQHandler
                0x08000f50                DMA1_Channel4_IRQHandler
                0x08000f50                USART3_IRQHandler
                0x08000f50                RTC_IRQHandler
                0x08000f50                DMA1_Channel7_IRQHandler
                0x08000f50                CAN1_RX1_IRQHandler
                0x08000f50                I2C1_EV_IRQHandler
                0x08000f50                DMA1_Channel6_IRQHandler
                0x08000f50                TIM3_IRQHandler
                0x08000f50                RCC_IRQHandler
                0x08000f50                TIM1_TRG_COM_IRQHandler
                0x08000f50                DMA1_Channel1_IRQHandler
                0x08000f50                EXTI15_10_IRQHandler
                0x08000f50                EXTI9_5_IRQHandler
                0x08000f50                SPI2_IRQHandler
                0x08000f50                MemManage_Handler
                0x08000f50                SVC_Handler
                0x08000f50                DMA1_Channel5_IRQHandler
                0x08000f50                EXTI4_IRQHandler
                0x08000f50                USB_LP_CAN1_RX0_IRQHandler
                0x08000f50                USB_HP_CAN1_TX_IRQHandler
                0x08000f50                DMA1_Channel3_IRQHandler
                0x08000f50                TIM1_UP_IRQHandler
                0x08000f50                WWDG_IRQHandler
                0x08000f50                TIM2_IRQHandler
                0x08000f50                TIM1_BRK_IRQHandler
                0x08000f50                EXTI1_IRQHandler
                0x08000f50                RTCAlarm_IRQHandler
                0x08000f50                USART2_IRQHandler
                0x08000f50                I2C2_ER_IRQHandler
                0x08000f50                DMA1_Channel2_IRQHandler
                0x08000f50                CAN1_SCE_IRQHandler
                0x08000f50                FLASH_IRQHandler
                0x08000f50                BusFault_Handler
                0x08000f50                I2C1_ER_IRQHandler
                0x08000f50                USBWakeUp_IRQHandler
 .text.GPIO_Init
                0x08000f58      0x178 ..\obj\stm32f10x_gpio.o
                0x08000f58                GPIO_Init
 .text.GPIO_ReadInputDataBit
                0x080010d0       0x34 ..\obj\stm32f10x_gpio.o
                0x080010d0                GPIO_ReadInputDataBit
 .text.GPIO_SetBits
                0x08001104       0x1c ..\obj\stm32f10x_gpio.o
                0x08001104                GPIO_SetBits
 .text.GPIO_ResetBits
                0x08001120       0x1c ..\obj\stm32f10x_gpio.o
                0x08001120                GPIO_ResetBits
 .text.SetSysClockTo72
                0x0800113c       0x70 ..\obj\main.o
                0x0800113c                SetSysClockTo72
 .text.main     0x080011ac      0x130 ..\obj\main.o
                0x080011ac                main
 .text.RCC_DeInit
                0x080012dc       0x5c ..\obj\stm32f10x_rcc.o
                0x080012dc                RCC_DeInit
 .text.RCC_HSEConfig
                0x08001338       0x5c ..\obj\stm32f10x_rcc.o
                0x08001338                RCC_HSEConfig
 .text.RCC_WaitForHSEStartUp
                0x08001394       0x50 ..\obj\stm32f10x_rcc.o
                0x08001394                RCC_WaitForHSEStartUp
 .text.RCC_PLLConfig
                0x080013e4       0x3c ..\obj\stm32f10x_rcc.o
                0x080013e4                RCC_PLLConfig
 .text.RCC_PLLCmd
                0x08001420       0x20 ..\obj\stm32f10x_rcc.o
                0x08001420                RCC_PLLCmd
 .text.RCC_SYSCLKConfig
                0x08001440       0x38 ..\obj\stm32f10x_rcc.o
                0x08001440                RCC_SYSCLKConfig
 .text.RCC_GetSYSCLKSource
                0x08001478       0x1c ..\obj\stm32f10x_rcc.o
                0x08001478                RCC_GetSYSCLKSource
 .text.RCC_HCLKConfig
                0x08001494       0x38 ..\obj\stm32f10x_rcc.o
                0x08001494                RCC_HCLKConfig
 .text.RCC_PCLK1Config
                0x080014cc       0x38 ..\obj\stm32f10x_rcc.o
                0x080014cc                RCC_PCLK1Config
 .text.RCC_PCLK2Config
                0x08001504       0x38 ..\obj\stm32f10x_rcc.o
                0x08001504                RCC_PCLK2Config
 .text.RCC_ADCCLKConfig
                0x0800153c       0x38 ..\obj\stm32f10x_rcc.o
                0x0800153c                RCC_ADCCLKConfig
 .text.RCC_GetClocksFreq
                0x08001574      0x160 ..\obj\stm32f10x_rcc.o
                0x08001574                RCC_GetClocksFreq
 .text.RCC_APB2PeriphClockCmd
                0x080016d4       0x3c ..\obj\stm32f10x_rcc.o
                0x080016d4                RCC_APB2PeriphClockCmd
 .text.RCC_APB1PeriphClockCmd
                0x08001710       0x3c ..\obj\stm32f10x_rcc.o
                0x08001710                RCC_APB1PeriphClockCmd
 .text.RCC_GetFlagStatus
                0x0800174c       0x74 ..\obj\stm32f10x_rcc.o
                0x0800174c                RCC_GetFlagStatus
 .text.ADC_Init
                0x080017c0       0xa4 ..\obj\stm32f10x_adc.o
                0x080017c0                ADC_Init
 .text.ADC_Cmd  0x08001864       0x38 ..\obj\stm32f10x_adc.o
                0x08001864                ADC_Cmd
 .text.ADC_ResetCalibration
                0x0800189c       0x20 ..\obj\stm32f10x_adc.o
                0x0800189c                ADC_ResetCalibration
 .text.ADC_GetResetCalibrationStatus
                0x080018bc       0x30 ..\obj\stm32f10x_adc.o
                0x080018bc                ADC_GetResetCalibrationStatus
 .text.ADC_StartCalibration
                0x080018ec       0x20 ..\obj\stm32f10x_adc.o
                0x080018ec                ADC_StartCalibration
 .text.ADC_GetCalibrationStatus
                0x0800190c       0x30 ..\obj\stm32f10x_adc.o
                0x0800190c                ADC_GetCalibrationStatus
 .text.ADC_SoftwareStartConvCmd
                0x0800193c       0x38 ..\obj\stm32f10x_adc.o
                0x0800193c                ADC_SoftwareStartConvCmd
 .text.ADC_RegularChannelConfig
                0x08001974      0x194 ..\obj\stm32f10x_adc.o
                0x08001974                ADC_RegularChannelConfig
 .text.ADC_GetConversionValue
                0x08001b08       0x18 ..\obj\stm32f10x_adc.o
                0x08001b08                ADC_GetConversionValue
 .text.ADC_GetFlagStatus
                0x08001b20       0x34 ..\obj\stm32f10x_adc.o
                0x08001b20                ADC_GetFlagStatus
 .text.USART_Init
                0x08001b54      0x174 ..\obj\stm32f10x_usart.o
                0x08001b54                USART_Init
 .text.USART_Cmd
                0x08001cc8       0x40 ..\obj\stm32f10x_usart.o
                0x08001cc8                USART_Cmd
 .text.USART_SendData
                0x08001d08       0x24 ..\obj\stm32f10x_usart.o
                0x08001d08                USART_SendData
 .text.USART_GetFlagStatus
                0x08001d2c       0x38 ..\obj\stm32f10x_usart.o
                0x08001d2c                USART_GetFlagStatus
 .text.USART_GetITStatus
                0x08001d64       0xb4 ..\obj\stm32f10x_usart.o
                0x08001d64                USART_GetITStatus
 .text.ADC_Config
                0x08001e18       0xb8 ..\obj\adc_comp.o
                0x08001e18                ADC_Config
 .text.GetADCChanel
                0x08001ed0       0x44 ..\obj\adc_comp.o
                0x08001ed0                GetADCChanel
 .text.BW_ADC_Init
                0x08001f14        0xc ..\obj\adc_comp.o
                0x08001f14                BW_ADC_Init
 .text.SHARP_FL_read
                0x08001f20      0x118 ..\obj\adc_comp.o
                0x08001f20                SHARP_FL_read
 .text.SHARP_BUMPER_LEFT_Read
                0x08002038      0x118 ..\obj\adc_comp.o
                0x08002038                SHARP_BUMPER_LEFT_Read
 .text.SHARP_BUMPER_RIGHT_Read
                0x08002150      0x118 ..\obj\adc_comp.o
                0x08002150                SHARP_BUMPER_RIGHT_Read
 .text          0x08002268      0x370 c:/program files (x86)/gnu tools arm embedded/5.4 2016q3/bin/../lib/gcc/arm-none-eabi/5.4.1/armv7-m\libgcc.a(_arm_addsubdf3.o)
                0x08002268                __aeabi_drsub
                0x08002270                __aeabi_dsub
                0x08002270                __subdf3
                0x08002274                __aeabi_dadd
                0x08002274                __adddf3
                0x080024ec                __floatunsidf
                0x080024ec                __aeabi_ui2d
                0x0800250c                __floatsidf
                0x0800250c                __aeabi_i2d
                0x08002530                __aeabi_f2d
                0x08002530                __extendsfdf2
                0x0800256c                __floatundidf
                0x0800256c                __aeabi_ul2d
                0x0800257c                __floatdidf
                0x0800257c                __aeabi_l2d
 .text          0x080025d8      0x424 c:/program files (x86)/gnu tools arm embedded/5.4 2016q3/bin/../lib/gcc/arm-none-eabi/5.4.1/armv7-m\libgcc.a(_arm_muldivdf3.o)
                0x080025d8                __aeabi_dmul
                0x080025d8                __muldf3
                0x0800282c                __divdf3
                0x0800282c                __aeabi_ddiv
 .text          0x080029fc       0x40 c:/program files (x86)/gnu tools arm embedded/5.4 2016q3/bin/../lib/gcc/arm-none-eabi/5.4.1/armv7-m\libgcc.a(_arm_fixunsdfsi.o)
                0x080029fc                __aeabi_d2uiz
                0x080029fc                __fixunsdfsi
 .text          0x08002a3c       0xa0 c:/program files (x86)/gnu tools arm embedded/5.4 2016q3/bin/../lib/gcc/arm-none-eabi/5.4.1/armv7-m\libgcc.a(_arm_truncdfsf2.o)
                0x08002a3c                __truncdfsf2
                0x08002a3c                __aeabi_d2f
 .text          0x08002adc      0x21c c:/program files (x86)/gnu tools arm embedded/5.4 2016q3/bin/../lib/gcc/arm-none-eabi/5.4.1/armv7-m\libgcc.a(_arm_addsubsf3.o)
                0x08002adc                __aeabi_frsub
                0x08002ae4                __subsf3
                0x08002ae4                __aeabi_fsub
                0x08002ae8                __aeabi_fadd
                0x08002ae8                __addsf3
                0x08002c48                __aeabi_ui2f
                0x08002c48                __floatunsisf
                0x08002c50                __aeabi_i2f
                0x08002c50                __floatsisf
                0x08002c6c                __aeabi_ul2f
                0x08002c6c                __floatundisf
                0x08002c7c                __aeabi_l2f
                0x08002c7c                __floatdisf
 .text          0x08002cf8      0x2a0 c:/program files (x86)/gnu tools arm embedded/5.4 2016q3/bin/../lib/gcc/arm-none-eabi/5.4.1/armv7-m\libgcc.a(_arm_muldivsf3.o)
                0x08002cf8                __mulsf3
                0x08002cf8                __aeabi_fmul
                0x08002e60                __aeabi_fdiv
                0x08002e60                __divsf3
 .text          0x08002f98       0x4c c:/program files (x86)/gnu tools arm embedded/5.4 2016q3/bin/../lib/gcc/arm-none-eabi/5.4.1/armv7-m\libgcc.a(_arm_fixsfsi.o)
                0x08002f98                __aeabi_f2iz
                0x08002f98                __fixsfsi
 *(.init)
 *(.fini)
 *crtbegin.o(.ctors)
 *crtbegin?.o(.ctors)
 *(EXCLUDE_FILE(*crtend.o *crtend?.o) .ctors)
 *(SORT(.ctors.*))
 *(.ctors)
 *crtbegin.o(.dtors)
 *crtbegin?.o(.dtors)
 *(EXCLUDE_FILE(*crtend.o *crtend?.o) .dtors)
 *(SORT(.dtors.*))
 *(.dtors)
 *(.rodata*)
 *(.eh_fram e*)

.glue_7         0x08002fe4        0x0
 .glue_7        0x08002fe4        0x0 linker stubs

.glue_7t        0x08002fe4        0x0
 .glue_7t       0x08002fe4        0x0 linker stubs

.vfp11_veneer   0x08002fe4        0x0
 .vfp11_veneer  0x08002fe4        0x0 linker stubs

.v4_bx          0x08002fe4        0x0
 .v4_bx         0x08002fe4        0x0 linker stubs

.iplt           0x08002fe4        0x0
 .iplt          0x08002fe4        0x0 ..\obj\delay.o

.rel.dyn        0x08002fe4        0x0
 .rel.iplt      0x08002fe4        0x0 ..\obj\delay.o

.ARM.extab
 *(.ARM.extab* .gnu.linkonce.armextab.*)
                0x08002fe4                __exidx_start = .

.ARM.exidx
 *(.ARM.exidx* .gnu.linkonce.armexidx.*)
                0x08002fe4                __exidx_end = .
                0x08002fe4                __etext = .
                0x08002fe4                _sidata = __etext

.data           0x20000000       0x30 load address 0x08002fe4
                0x20000000                __data_start__ = .
                0x20000000                _sdata = __data_start__
 *(vtable)
 *(.data*)
 .data          0x20000000       0x14 ..\obj\system_stm32f10x.o
                0x20000000                SystemCoreClock
                0x20000004                AHBPrescTable
 .data          0x20000014        0x8 ..\obj\main.o
                0x20000014                COMMAND_FLAG_A
                0x20000018                COMMAND_FLAG_B
 .data          0x2000001c       0x14 ..\obj\stm32f10x_rcc.o
                0x20000030                . = ALIGN (0x4)
                [!provide]                PROVIDE (__preinit_array_start, .)
 *(.preinit_array)
                [!provide]                PROVIDE (__preinit_array_end, .)
                0x20000030                . = ALIGN (0x4)
                [!provide]                PROVIDE (__init_array_start, .)
 *(SORT(.init_array.*))
 *(.init_array)
                [!provide]                PROVIDE (__init_array_end, .)
                0x20000030                . = ALIGN (0x4)
                [!provide]                PROVIDE (__fini_array_start, .)
 *(SORT(.fini_array.*))
 *(.fini_array)
                [!provide]                PROVIDE (__fini_array_end, .)
 *(.jcr*)
                0x20000030                . = ALIGN (0x4)
                0x20000030                __data_end__ = .
                0x20000030                _edata = __data_end__

.igot.plt       0x20000030        0x0 load address 0x08003014
 .igot.plt      0x20000030        0x0 ..\obj\delay.o

.bss            0x20000030       0x6c load address 0x08003014
                0x20000030                . = ALIGN (0x4)
                0x20000030                __bss_start__ = .
                0x20000030                _sbss = __bss_start__
 *(.bss*)
 .bss           0x20000030        0x4 ..\obj\delay.o
 *(COMMON)
 COMMON         0x20000034       0x54 ..\obj\delay.o
                0x20000034                distance
                0x2000003c                adc_value
                0x20000040                CAT_DATA
                0x20000044                I2C_InitStructure
                0x20000054                time_us
                0x20000058                TIM_InitStructure
                0x20000064                GPIO_InitStructure
                0x20000068                USART_InitStructure
                0x20000078                Sharp
                0x2000007c                UV_DATA
                0x20000080                NVIC_InitStructure
                0x20000084                time_out_flag
 COMMON         0x20000088       0x14 ..\obj\adc_comp.o
                0x20000088                ADC_InitStructure
                0x2000009c                . = ALIGN (0x4)
                0x2000009c                __bss_end__ = .
                0x2000009c                _ebss = __bss_end__

.heap           0x2000009c        0x0
                0x2000009c                __end__ = .
                0x2000009c                _end = __end__
                0x2000009c                end = __end__
 *(.heap*)
                0x2000009c                __HeapLimit = .

.co_stack       0x2000009c      0x404 load address 0x08003080
                0x200000a0                . = ALIGN (0x8)
 *fill*         0x2000009c        0x4 
 *(.co_stack .co_stack.*)
 .co_stack      0x200000a0      0x400 ..\obj\startup_stm32f10x_md.o
                0x200000a0                pulStack
                0x20005000                __StackTop = (ORIGIN (ram) + LENGTH (ram))
                0x20004bfc                __StackLimit = (__StackTop - SIZEOF (.co_stack))
                [!provide]                PROVIDE (__stack, __StackTop)
                0x00000001                ASSERT ((__StackLimit >= __HeapLimit), region ram  overflowed with stack)
LOAD ..\obj\delay.o
LOAD ..\obj\stm32f10x_tim.o
LOAD ..\obj\Init_Ping)).o
LOAD ..\obj\system_stm32f10x.o
LOAD ..\obj\i2c_VL53L0X.o
LOAD ..\obj\startup_stm32f10x_md.o
LOAD ..\obj\stm32f10x_gpio.o
LOAD ..\obj\main.o
LOAD ..\obj\stm32f10x_rcc.o
LOAD ..\obj\i2c_Pixy.o
LOAD ..\obj\stm32f10x_adc.o
LOAD ..\obj\stm32f10x_usart.o
LOAD ..\obj\syscalls.o
LOAD ..\obj\adc_comp.o
LOAD ..\obj\misc.o
LOAD ..\obj\stm32f10x_i2c.o
START GROUP
LOAD c:/program files (x86)/gnu tools arm embedded/5.4 2016q3/bin/../lib/gcc/arm-none-eabi/5.4.1/armv7-m\libgcc.a
LOAD c:/program files (x86)/gnu tools arm embedded/5.4 2016q3/bin/../lib/gcc/arm-none-eabi/5.4.1/../../../../arm-none-eabi/lib/armv7-m\libg.a
LOAD c:/program files (x86)/gnu tools arm embedded/5.4 2016q3/bin/../lib/gcc/arm-none-eabi/5.4.1/../../../../arm-none-eabi/lib/armv7-m\libc.a
END GROUP
OUTPUT(Rangefinder_SYSTEM.elf elf32-littlearm)

.debug_info     0x00000000     0x6ae9
 .debug_info    0x00000000      0x9bd ..\obj\delay.o
 .debug_info    0x000009bd     0x1c60 ..\obj\stm32f10x_tim.o
 .debug_info    0x0000261d      0xa04 ..\obj\Init_Ping)).o
 .debug_info    0x00003021      0x49c ..\obj\system_stm32f10x.o
 .debug_info    0x000034bd       0xee ..\obj\startup_stm32f10x_md.o
 .debug_info    0x000035ab      0x6f6 ..\obj\stm32f10x_gpio.o
 .debug_info    0x00003ca1      0x717 ..\obj\main.o
 .debug_info    0x000043b8      0x8a3 ..\obj\stm32f10x_rcc.o
 .debug_info    0x00004c5b      0xb7c ..\obj\stm32f10x_adc.o
 .debug_info    0x000057d7      0x9f0 ..\obj\stm32f10x_usart.o
 .debug_info    0x000061c7      0x922 ..\obj\adc_comp.o

.debug_abbrev   0x00000000     0x116f
 .debug_abbrev  0x00000000      0x223 ..\obj\delay.o
 .debug_abbrev  0x00000223      0x1b2 ..\obj\stm32f10x_tim.o
 .debug_abbrev  0x000003d5      0x1fa ..\obj\Init_Ping)).o
 .debug_abbrev  0x000005cf      0x14e ..\obj\system_stm32f10x.o
 .debug_abbrev  0x0000071d       0xa7 ..\obj\startup_stm32f10x_md.o
 .debug_abbrev  0x000007c4      0x1cc ..\obj\stm32f10x_gpio.o
 .debug_abbrev  0x00000990      0x16d ..\obj\main.o
 .debug_abbrev  0x00000afd      0x1bc ..\obj\stm32f10x_rcc.o
 .debug_abbrev  0x00000cb9      0x19a ..\obj\stm32f10x_adc.o
 .debug_abbrev  0x00000e53      0x164 ..\obj\stm32f10x_usart.o
 .debug_abbrev  0x00000fb7      0x1b8 ..\obj\adc_comp.o

.debug_aranges  0x00000000      0x8d8
 .debug_aranges
                0x00000000       0x48 ..\obj\delay.o
 .debug_aranges
                0x00000048      0x2f0 ..\obj\stm32f10x_tim.o
 .debug_aranges
                0x00000338       0xa8 ..\obj\Init_Ping)).o
 .debug_aranges
                0x000003e0       0x38 ..\obj\system_stm32f10x.o
 .debug_aranges
                0x00000418       0x28 ..\obj\startup_stm32f10x_md.o
 .debug_aranges
                0x00000440       0xa8 ..\obj\stm32f10x_gpio.o
 .debug_aranges
                0x000004e8       0x30 ..\obj\main.o
 .debug_aranges
                0x00000518      0x118 ..\obj\stm32f10x_rcc.o
 .debug_aranges
                0x00000630      0x138 ..\obj\stm32f10x_adc.o
 .debug_aranges
                0x00000768      0x100 ..\obj\stm32f10x_usart.o
 .debug_aranges
                0x00000868       0x70 ..\obj\adc_comp.o

.debug_ranges   0x00000000      0x828
 .debug_ranges  0x00000000       0x38 ..\obj\delay.o
 .debug_ranges  0x00000038      0x2e0 ..\obj\stm32f10x_tim.o
 .debug_ranges  0x00000318       0x98 ..\obj\Init_Ping)).o
 .debug_ranges  0x000003b0       0x28 ..\obj\system_stm32f10x.o
 .debug_ranges  0x000003d8       0x18 ..\obj\startup_stm32f10x_md.o
 .debug_ranges  0x000003f0       0x98 ..\obj\stm32f10x_gpio.o
 .debug_ranges  0x00000488       0x20 ..\obj\main.o
 .debug_ranges  0x000004a8      0x108 ..\obj\stm32f10x_rcc.o
 .debug_ranges  0x000005b0      0x128 ..\obj\stm32f10x_adc.o
 .debug_ranges  0x000006d8       0xf0 ..\obj\stm32f10x_usart.o
 .debug_ranges  0x000007c8       0x60 ..\obj\adc_comp.o

.debug_line     0x00000000     0x309b
 .debug_line    0x00000000      0x2fe ..\obj\delay.o
 .debug_line    0x000002fe      0xb4c ..\obj\stm32f10x_tim.o
 .debug_line    0x00000e4a      0x5b5 ..\obj\Init_Ping)).o
 .debug_line    0x000013ff      0x220 ..\obj\system_stm32f10x.o
 .debug_line    0x0000161f       0xa0 ..\obj\startup_stm32f10x_md.o
 .debug_line    0x000016bf      0x3cc ..\obj\stm32f10x_gpio.o
 .debug_line    0x00001a8b      0x36f ..\obj\main.o
 .debug_line    0x00001dfa      0x4c7 ..\obj\stm32f10x_rcc.o
 .debug_line    0x000022c1      0x536 ..\obj\stm32f10x_adc.o
 .debug_line    0x000027f7      0x4ae ..\obj\stm32f10x_usart.o
 .debug_line    0x00002ca5      0x3f6 ..\obj\adc_comp.o

.debug_str      0x00000000     0x287e
 .debug_str     0x00000000      0x95d ..\obj\delay.o
                                0x9bd (size before relaxing)
 .debug_str     0x0000095d      0xb5a ..\obj\stm32f10x_tim.o
                                0xde3 (size before relaxing)
 .debug_str     0x000014b7      0x161 ..\obj\Init_Ping)).o
                                0x7fc (size before relaxing)
 .debug_str     0x00001618      0x10c ..\obj\system_stm32f10x.o
                                0x2f5 (size before relaxing)
 .debug_str     0x00001724       0xae ..\obj\startup_stm32f10x_md.o
                                0x145 (size before relaxing)
 .debug_str     0x000017d2      0x255 ..\obj\stm32f10x_gpio.o
                                0x51f (size before relaxing)
 .debug_str     0x00001a27       0x98 ..\obj\main.o
                                0x6d0 (size before relaxing)
 .debug_str     0x00001abf      0x3cc ..\obj\stm32f10x_rcc.o
                                0x620 (size before relaxing)
 .debug_str     0x00001e8b      0x535 ..\obj\stm32f10x_adc.o
                                0x701 (size before relaxing)
 .debug_str     0x000023c0      0x399 ..\obj\stm32f10x_usart.o
                                0x696 (size before relaxing)
 .debug_str     0x00002759      0x125 ..\obj\adc_comp.o
                                0x7d5 (size before relaxing)

.comment        0x00000000       0x6e
 .comment       0x00000000       0x6e ..\obj\delay.o
                                 0x6f (size before relaxing)
 .comment       0x0000006e       0x6f ..\obj\stm32f10x_tim.o
 .comment       0x0000006e       0x6f ..\obj\Init_Ping)).o
 .comment       0x0000006e       0x6f ..\obj\system_stm32f10x.o
 .comment       0x0000006e       0x6f ..\obj\startup_stm32f10x_md.o
 .comment       0x0000006e       0x6f ..\obj\stm32f10x_gpio.o
 .comment       0x0000006e       0x6f ..\obj\main.o
 .comment       0x0000006e       0x6f ..\obj\stm32f10x_rcc.o
 .comment       0x0000006e       0x6f ..\obj\stm32f10x_adc.o
 .comment       0x0000006e       0x6f ..\obj\stm32f10x_usart.o
 .comment       0x0000006e       0x6f ..\obj\adc_comp.o

.ARM.attributes
                0x00000000       0x33
 .ARM.attributes
                0x00000000       0x33 ..\obj\delay.o
 .ARM.attributes
                0x00000033       0x33 ..\obj\stm32f10x_tim.o
 .ARM.attributes
                0x00000066       0x33 ..\obj\Init_Ping)).o
 .ARM.attributes
                0x00000099       0x33 ..\obj\system_stm32f10x.o
 .ARM.attributes
                0x000000cc       0x33 ..\obj\startup_stm32f10x_md.o
 .ARM.attributes
                0x000000ff       0x33 ..\obj\stm32f10x_gpio.o
 .ARM.attributes
                0x00000132       0x33 ..\obj\main.o
 .ARM.attributes
                0x00000165       0x33 ..\obj\stm32f10x_rcc.o
 .ARM.attributes
                0x00000198       0x33 ..\obj\stm32f10x_adc.o
 .ARM.attributes
                0x000001cb       0x33 ..\obj\stm32f10x_usart.o
 .ARM.attributes
                0x000001fe       0x33 ..\obj\adc_comp.o
 .ARM.attributes
                0x00000231       0x1d c:/program files (x86)/gnu tools arm embedded/5.4 2016q3/bin/../lib/gcc/arm-none-eabi/5.4.1/armv7-m\libgcc.a(_arm_addsubdf3.o)
 .ARM.attributes
                0x0000024e       0x1d c:/program files (x86)/gnu tools arm embedded/5.4 2016q3/bin/../lib/gcc/arm-none-eabi/5.4.1/armv7-m\libgcc.a(_arm_muldivdf3.o)
 .ARM.attributes
                0x0000026b       0x1d c:/program files (x86)/gnu tools arm embedded/5.4 2016q3/bin/../lib/gcc/arm-none-eabi/5.4.1/armv7-m\libgcc.a(_arm_fixunsdfsi.o)
 .ARM.attributes
                0x00000288       0x1d c:/program files (x86)/gnu tools arm embedded/5.4 2016q3/bin/../lib/gcc/arm-none-eabi/5.4.1/armv7-m\libgcc.a(_arm_truncdfsf2.o)
 .ARM.attributes
                0x000002a5       0x1d c:/program files (x86)/gnu tools arm embedded/5.4 2016q3/bin/../lib/gcc/arm-none-eabi/5.4.1/armv7-m\libgcc.a(_arm_addsubsf3.o)
 .ARM.attributes
                0x000002c2       0x1d c:/program files (x86)/gnu tools arm embedded/5.4 2016q3/bin/../lib/gcc/arm-none-eabi/5.4.1/armv7-m\libgcc.a(_arm_muldivsf3.o)
 .ARM.attributes
                0x000002df       0x1d c:/program files (x86)/gnu tools arm embedded/5.4 2016q3/bin/../lib/gcc/arm-none-eabi/5.4.1/armv7-m\libgcc.a(_arm_fixsfsi.o)

.debug_frame    0x00000000     0x2640
 .debug_frame   0x00000000       0xe4 ..\obj\delay.o
 .debug_frame   0x000000e4      0xe2c ..\obj\stm32f10x_tim.o
 .debug_frame   0x00000f10      0x264 ..\obj\Init_Ping)).o
 .debug_frame   0x00001174       0x98 ..\obj\system_stm32f10x.o
 .debug_frame   0x0000120c       0x4c ..\obj\startup_stm32f10x_md.o
 .debug_frame   0x00001258      0x2d0 ..\obj\stm32f10x_gpio.o
 .debug_frame   0x00001528       0x6c ..\obj\main.o
 .debug_frame   0x00001594      0x4f4 ..\obj\stm32f10x_rcc.o
 .debug_frame   0x00001a88      0x5a4 ..\obj\stm32f10x_adc.o
 .debug_frame   0x0000202c      0x490 ..\obj\stm32f10x_usart.o
 .debug_frame   0x000024bc      0x184 ..\obj\adc_comp.o
